Archive member included to satisfy reference by file (symbol)

c:/gnu_arm_gcc/9 2019-q4-major/bin/../lib/gcc/arm-none-eabi/9.2.1/../../../../arm-none-eabi/lib/thumb/v7e-m+fp/hard\libc_nano.a(lib_a-ctype_.o)
                              _build/nrf52832_xxaa/nrf_log_str_formatter.c.o (_ctype_)
c:/gnu_arm_gcc/9 2019-q4-major/bin/../lib/gcc/arm-none-eabi/9.2.1/../../../../arm-none-eabi/lib/thumb/v7e-m+fp/hard\libc_nano.a(lib_a-exit.o)
                              c:/gnu_arm_gcc/9 2019-q4-major/bin/../lib/gcc/arm-none-eabi/9.2.1/../../../../arm-none-eabi/lib/thumb/v7e-m+fp/hard/crt0.o (exit)
c:/gnu_arm_gcc/9 2019-q4-major/bin/../lib/gcc/arm-none-eabi/9.2.1/../../../../arm-none-eabi/lib/thumb/v7e-m+fp/hard\libc_nano.a(lib_a-impure.o)
                              c:/gnu_arm_gcc/9 2019-q4-major/bin/../lib/gcc/arm-none-eabi/9.2.1/../../../../arm-none-eabi/lib/thumb/v7e-m+fp/hard\libc_nano.a(lib_a-exit.o) (_global_impure_ptr)
c:/gnu_arm_gcc/9 2019-q4-major/bin/../lib/gcc/arm-none-eabi/9.2.1/../../../../arm-none-eabi/lib/thumb/v7e-m+fp/hard\libc_nano.a(lib_a-init.o)
                              c:/gnu_arm_gcc/9 2019-q4-major/bin/../lib/gcc/arm-none-eabi/9.2.1/../../../../arm-none-eabi/lib/thumb/v7e-m+fp/hard/crt0.o (__libc_init_array)
c:/gnu_arm_gcc/9 2019-q4-major/bin/../lib/gcc/arm-none-eabi/9.2.1/../../../../arm-none-eabi/lib/thumb/v7e-m+fp/hard\libc_nano.a(lib_a-memcmp.o)
                              _build/nrf52832_xxaa/ble_advdata.c.o (memcmp)
c:/gnu_arm_gcc/9 2019-q4-major/bin/../lib/gcc/arm-none-eabi/9.2.1/../../../../arm-none-eabi/lib/thumb/v7e-m+fp/hard\libc_nano.a(lib_a-memcpy-stub.o)
                              _build/nrf52832_xxaa/nrf_log_frontend.c.o (memcpy)
c:/gnu_arm_gcc/9 2019-q4-major/bin/../lib/gcc/arm-none-eabi/9.2.1/../../../../arm-none-eabi/lib/thumb/v7e-m+fp/hard\libc_nano.a(lib_a-memset.o)
                              c:/gnu_arm_gcc/9 2019-q4-major/bin/../lib/gcc/arm-none-eabi/9.2.1/../../../../arm-none-eabi/lib/thumb/v7e-m+fp/hard/crt0.o (memset)
c:/gnu_arm_gcc/9 2019-q4-major/bin/../lib/gcc/arm-none-eabi/9.2.1/../../../../arm-none-eabi/lib/thumb/v7e-m+fp/hard\libc_nano.a(lib_a-printf.o)
                              _build/nrf52832_xxaa/main.c.o (printf)
c:/gnu_arm_gcc/9 2019-q4-major/bin/../lib/gcc/arm-none-eabi/9.2.1/../../../../arm-none-eabi/lib/thumb/v7e-m+fp/hard\libc_nano.a(lib_a-strcpy.o)
                              _build/nrf52832_xxaa/SEGGER_RTT.c.o (strcpy)
c:/gnu_arm_gcc/9 2019-q4-major/bin/../lib/gcc/arm-none-eabi/9.2.1/../../../../arm-none-eabi/lib/thumb/v7e-m+fp/hard\libc_nano.a(lib_a-strlen.o)
                              _build/nrf52832_xxaa/nrf_log_frontend.c.o (strlen)
c:/gnu_arm_gcc/9 2019-q4-major/bin/../lib/gcc/arm-none-eabi/9.2.1/../../../../arm-none-eabi/lib/thumb/v7e-m+fp/hard\libc_nano.a(lib_a-findfp.o)
                              c:/gnu_arm_gcc/9 2019-q4-major/bin/../lib/gcc/arm-none-eabi/9.2.1/../../../../arm-none-eabi/lib/thumb/v7e-m+fp/hard\libc_nano.a(lib_a-printf.o) (__sinit)
c:/gnu_arm_gcc/9 2019-q4-major/bin/../lib/gcc/arm-none-eabi/9.2.1/../../../../arm-none-eabi/lib/thumb/v7e-m+fp/hard\libc_nano.a(lib_a-fwalk.o)
                              c:/gnu_arm_gcc/9 2019-q4-major/bin/../lib/gcc/arm-none-eabi/9.2.1/../../../../arm-none-eabi/lib/thumb/v7e-m+fp/hard\libc_nano.a(lib_a-findfp.o) (_fwalk)
c:/gnu_arm_gcc/9 2019-q4-major/bin/../lib/gcc/arm-none-eabi/9.2.1/../../../../arm-none-eabi/lib/thumb/v7e-m+fp/hard\libc_nano.a(lib_a-lock.o)
                              c:/gnu_arm_gcc/9 2019-q4-major/bin/../lib/gcc/arm-none-eabi/9.2.1/../../../../arm-none-eabi/lib/thumb/v7e-m+fp/hard\libc_nano.a(lib_a-findfp.o) (__retarget_lock_init_recursive)
c:/gnu_arm_gcc/9 2019-q4-major/bin/../lib/gcc/arm-none-eabi/9.2.1/../../../../arm-none-eabi/lib/thumb/v7e-m+fp/hard\libc_nano.a(lib_a-nano-mallocr.o)
                              c:/gnu_arm_gcc/9 2019-q4-major/bin/../lib/gcc/arm-none-eabi/9.2.1/../../../../arm-none-eabi/lib/thumb/v7e-m+fp/hard\libc_nano.a(lib_a-findfp.o) (_malloc_r)
c:/gnu_arm_gcc/9 2019-q4-major/bin/../lib/gcc/arm-none-eabi/9.2.1/../../../../arm-none-eabi/lib/thumb/v7e-m+fp/hard\libc_nano.a(lib_a-nano-vfprintf.o)
                              c:/gnu_arm_gcc/9 2019-q4-major/bin/../lib/gcc/arm-none-eabi/9.2.1/../../../../arm-none-eabi/lib/thumb/v7e-m+fp/hard\libc_nano.a(lib_a-printf.o) (_vfprintf_r)
c:/gnu_arm_gcc/9 2019-q4-major/bin/../lib/gcc/arm-none-eabi/9.2.1/../../../../arm-none-eabi/lib/thumb/v7e-m+fp/hard\libc_nano.a(lib_a-nano-vfprintf_i.o)
                              c:/gnu_arm_gcc/9 2019-q4-major/bin/../lib/gcc/arm-none-eabi/9.2.1/../../../../arm-none-eabi/lib/thumb/v7e-m+fp/hard\libc_nano.a(lib_a-nano-vfprintf.o) (_printf_i)
c:/gnu_arm_gcc/9 2019-q4-major/bin/../lib/gcc/arm-none-eabi/9.2.1/../../../../arm-none-eabi/lib/thumb/v7e-m+fp/hard\libc_nano.a(lib_a-sbrkr.o)
[...]
Memory Configuration

Name             Origin             Length             Attributes
FLASH            0x00026000         0x0005a000         xr
RAM              0x20002ad8         0x0000d528         xrw
*default*        0x00000000         0xffffffff

Linker script and memory map


.text           0x00026000     0x9420
 *(.isr_vector)
 .isr_vector    0x00026000      0x200 _build/nrf52832_xxaa/gcc_startup_nrf52.S.o
                0x00026000                __isr_vector
 *(.text*)
 .text          0x00026200       0x40 c:/gnu_arm_gcc/9 2019-q4-major/bin/../lib/gcc/arm-none-eabi/9.2.1/thumb/v7e-m+fp/hard/crtbegin.o
 .text          0x00026240       0x74 c:/gnu_arm_gcc/9 2019-q4-major/bin/../lib/gcc/arm-none-eabi/9.2.1/../../../../arm-none-eabi/lib/thumb/v7e-m+fp/hard/crt0.o
                0x00026240                _start
                0x00026240                _mainCRTStartup
 .text          0x000262b4       0x3c _build/nrf52832_xxaa/gcc_startup_nrf52.S.o
                0x000262b4                Reset_Handler
                0x000262dc                NMI_Handler
                0x000262de                HardFault_Handler
                0x000262e0                MemoryManagement_Handler
                0x000262e2                BusFault_Handler
                0x000262e4                UsageFault_Handler
                0x000262e6                SVC_Handler
                0x000262e8                DebugMon_Handler
                0x000262ea                PendSV_Handler
                0x000262ec                SysTick_Handler
                0x000262ee                PDM_IRQHandler
                0x000262ee                TEMP_IRQHandler
                0x000262ee                QDEC_IRQHandler
                0x000262ee                TIMER3_IRQHandler
                0x000262ee                RTC0_IRQHandler
                0x000262ee                SPIM0_SPIS0_TWIM0_TWIS0_SPI0_TWI0_IRQHandler
                0x000262ee                PWM1_IRQHandler
                0x000262ee                RADIO_IRQHandler
                0x000262ee                I2S_IRQHandler
                0x000262ee                SWI4_EGU4_IRQHandler
                0x000262ee                TIMER0_IRQHandler
                0x000262ee                FPU_IRQHandler
                0x000262ee                TIMER1_IRQHandler
                0x000262ee                PWM2_IRQHandler
                0x000262ee                ECB_IRQHandler
                0x000262ee                SPIM1_SPIS1_TWIM1_TWIS1_SPI1_TWI1_IRQHandler
                0x000262ee                Default_Handler
                0x000262ee                SAADC_IRQHandler
                0x000262ee                CCM_AAR_IRQHandler
                0x000262ee                WDT_IRQHandler
                0x000262ee                TIMER4_IRQHandler
                0x000262ee                SWI5_EGU5_IRQHandler
                0x000262ee                RNG_IRQHandler
                0x000262ee                RTC2_IRQHandler
                0x000262ee                PWM0_IRQHandler
                0x000262ee                SWI3_EGU3_IRQHandler
                0x000262ee                SWI1_EGU1_IRQHandler
                0x000262ee                SPIM2_SPIS2_SPI2_IRQHandler
                0x000262ee                NFCT_IRQHandler
                0x000262ee                SWI0_EGU0_IRQHandler
                0x000262ee                MWU_IRQHandler
                0x000262ee                TIMER2_IRQHandler
                0x000262ee                COMP_LPCOMP_IRQHandler
 .text.nrf_log_backend_rtt_flush
                0x000262f0        0x4 _build/nrf52832_xxaa/nrf_log_backend_rtt.c.o
 .text.nrf_log_backend_rtt_put
                0x000262f4       0x20 _build/nrf52832_xxaa/nrf_log_backend_rtt.c.o
 .text.serial_tx
                0x00026314       0x54 _build/nrf52832_xxaa/nrf_log_backend_rtt.c.o
 .text.nrf_log_backend_rtt_panic_set
                0x00026368        0x4 _build/nrf52832_xxaa/nrf_log_backend_rtt.c.o
 .text.nrf_log_backend_rtt_init
                0x0002636c        0x4 _build/nrf52832_xxaa/nrf_log_backend_rtt.c.o
                0x0002636c                nrf_log_backend_rtt_init
 .text.nrf_log_backend_serial_put
                0x00026370       0xd8 _build/nrf52832_xxaa/nrf_log_backend_serial.c.o
                0x00026370                nrf_log_backend_serial_put
 .text.nrf_log_default_backends_init
                0x00026448       0x20 _build/nrf52832_xxaa/nrf_log_default_backends.c.o
                0x00026448                nrf_log_default_backends_init
 .text.nrf_log_init
                0x00026468       0x28 _build/nrf52832_xxaa/nrf_log_frontend.c.o
                0x00026468                nrf_log_init
 .text.nrf_log_module_name_get
                0x00026490       0x48 _build/nrf52832_xxaa/nrf_log_frontend.c.o
                0x00026490                nrf_log_module_name_get
 .text.nrf_log_color_id_get
                0x000264d8       0x2c _build/nrf52832_xxaa/nrf_log_frontend.c.o
                0x000264d8                nrf_log_color_id_get
 .text.nrf_log_frontend_dequeue
                0x00026504      0x250 _build/nrf52832_xxaa/nrf_log_frontend.c.o
                0x00026504                nrf_log_frontend_dequeue
 .text.nrf_log_frontend_std_0
                0x00026754      0x188 _build/nrf52832_xxaa/nrf_log_frontend.c.o
                0x00026754                nrf_log_frontend_std_0
 .text.nrf_log_frontend_std_1
                0x000268dc      0x19c _build/nrf52832_xxaa/nrf_log_frontend.c.o
                0x000268dc                nrf_log_frontend_std_1
 .text.nrf_log_frontend_std_2
                0x00026a78      0x1b0 _build/nrf52832_xxaa/nrf_log_frontend.c.o
                0x00026a78                nrf_log_frontend_std_2
 .text.nrf_log_backend_add
                0x00026c28       0x5c _build/nrf52832_xxaa/nrf_log_frontend.c.o
                0x00026c28                nrf_log_backend_add
 .text.nrf_log_panic
                0x00026c84       0x28 _build/nrf52832_xxaa/nrf_log_frontend.c.o
                0x00026c84                nrf_log_panic
 .text.prefix_process
                0x00026cac       0x80 _build/nrf52832_xxaa/nrf_log_str_formatter.c.o
 .text.nrf_log_std_entry_process
                0x00026d2c       0xf0 _build/nrf52832_xxaa/nrf_log_str_formatter.c.o
                0x00026d2c                nrf_log_std_entry_process
 .text.nrf_log_hexdump_entry_process
                0x00026e1c       0xfc _build/nrf52832_xxaa/nrf_log_str_formatter.c.o
                0x00026e1c                nrf_log_hexdump_entry_process
 .text.gpiote_event_handler
                0x00026f18       0x74 _build/nrf52832_xxaa/app_button.c.o
 .text.detection_delay_timeout_handler
                0x00026f8c      0x264 _build/nrf52832_xxaa/app_button.c.o
 .text.app_button_init
                0x000271f0       0xc0 _build/nrf52832_xxaa/app_button.c.o
                0x000271f0                app_button_init
 .text.app_button_enable
                0x000272b0       0x2c _build/nrf52832_xxaa/app_button.c.o
                0x000272b0                app_button_enable
 .text.app_error_handler_bare
                0x000272dc       0x20 _build/nrf52832_xxaa/app_error.c.o
                0x000272dc                app_error_handler_bare
 .text.app_error_fault_handler
                0x000272fc       0x70 _build/nrf52832_xxaa/app_error_weak.c.o
                0x000272fc                app_error_fault_handler
 .text.app_fifo_init
                0x0002736c       0x20 _build/nrf52832_xxaa/app_fifo.c.o
                0x0002736c                app_fifo_init
 .text.app_fifo_put
                0x0002738c       0x30 _build/nrf52832_xxaa/app_fifo.c.o
                0x0002738c                app_fifo_put
 .text.app_fifo_get
                0x000273bc       0x2c _build/nrf52832_xxaa/app_fifo.c.o
                0x000273bc                app_fifo_get
 .text.compare_func
                0x000273e8       0x18 _build/nrf52832_xxaa/app_timer2.c.o
 .text.rtc_irq  0x00027400      0x318 _build/nrf52832_xxaa/app_timer2.c.o
 .text.app_timer_init
                0x00027718       0x6c _build/nrf52832_xxaa/app_timer2.c.o
                0x00027718                app_timer_init
 .text.app_timer_create
                0x00027784       0x1c _build/nrf52832_xxaa/app_timer2.c.o
                0x00027784                app_timer_create
 .text.app_timer_start
                0x000277a0       0x8c _build/nrf52832_xxaa/app_timer2.c.o
                0x000277a0                app_timer_start
 .text.app_timer_stop
                0x0002782c       0x44 _build/nrf52832_xxaa/app_timer2.c.o
                0x0002782c                app_timer_stop
 .text.uart_event_handler
                0x00027870      0x120 _build/nrf52832_xxaa/app_uart_fifo.c.o
 .text.app_uart_init
                0x00027990       0xf8 _build/nrf52832_xxaa/app_uart_fifo.c.o
                0x00027990                app_uart_init
 .text.app_uart_get
                0x00027a88       0x5c _build/nrf52832_xxaa/app_uart_fifo.c.o
                0x00027a88                app_uart_get
 .text.app_uart_put
                0x00027ae4       0x74 _build/nrf52832_xxaa/app_uart_fifo.c.o
                0x00027ae4                app_uart_put
 .text.app_util_critical_region_enter
                0x00027b58       0x4c _build/nrf52832_xxaa/app_util_platform.c.o
                0x00027b58                app_util_critical_region_enter
 .text.app_util_critical_region_exit
                0x00027ba4       0x30 _build/nrf52832_xxaa/app_util_platform.c.o
                0x00027ba4                app_util_critical_region_exit
 .text.drv_rtc_init
                0x00027bd4       0xc0 _build/nrf52832_xxaa/drv_rtc.c.o
                0x00027bd4                drv_rtc_init
 .text.drv_rtc_start
                0x00027c94        0x8 _build/nrf52832_xxaa/drv_rtc.c.o
                0x00027c94                drv_rtc_start
 .text.drv_rtc_stop
                0x00027c9c        0x8 _build/nrf52832_xxaa/drv_rtc.c.o
                0x00027c9c                drv_rtc_stop
 .text.drv_rtc_compare_set
                0x00027ca4       0x4c _build/nrf52832_xxaa/drv_rtc.c.o
                0x00027ca4                drv_rtc_compare_set
 .text.drv_rtc_windowed_compare_set
                0x00027cf0       0xf8 _build/nrf52832_xxaa/drv_rtc.c.o
                0x00027cf0                drv_rtc_windowed_compare_set
 .text.drv_rtc_overflow_enable
                0x00027de8       0x14 _build/nrf52832_xxaa/drv_rtc.c.o
                0x00027de8                drv_rtc_overflow_enable
 .text.drv_rtc_overflow_pending
                0x00027dfc       0x20 _build/nrf52832_xxaa/drv_rtc.c.o
                0x00027dfc                drv_rtc_overflow_pending
 .text.drv_rtc_compare_disable
                0x00027e1c       0x18 _build/nrf52832_xxaa/drv_rtc.c.o
                0x00027e1c                drv_rtc_compare_disable
 .text.drv_rtc_compare_pending
                0x00027e34       0x20 _build/nrf52832_xxaa/drv_rtc.c.o
                0x00027e34                drv_rtc_compare_pending
 .text.drv_rtc_counter_get
                0x00027e54        0x8 _build/nrf52832_xxaa/drv_rtc.c.o
                0x00027e54                drv_rtc_counter_get
 .text.drv_rtc_irq_trigger
                0x00027e5c       0x24 _build/nrf52832_xxaa/drv_rtc.c.o
                0x00027e5c                drv_rtc_irq_trigger
 .text.RTC1_IRQHandler
                0x00027e80       0x14 _build/nrf52832_xxaa/drv_rtc.c.o
                0x00027e80                RTC1_IRQHandler
 .text.nrf_atfifo_init
                0x00027e94       0x30 _build/nrf52832_xxaa/nrf_atfifo.c.o
                0x00027e94                nrf_atfifo_init
 .text.nrf_atfifo_item_alloc
                0x00027ec4       0x5c _build/nrf52832_xxaa/nrf_atfifo.c.o
                0x00027ec4                nrf_atfifo_item_alloc
 .text.nrf_atfifo_item_put
                0x00027f20       0x20 _build/nrf52832_xxaa/nrf_atfifo.c.o
                0x00027f20                nrf_atfifo_item_put
 .text.nrf_atfifo_item_get
                0x00027f40       0x60 _build/nrf52832_xxaa/nrf_atfifo.c.o
                0x00027f40                nrf_atfifo_item_get
 .text.nrf_atfifo_item_free
                0x00027fa0       0x20 _build/nrf52832_xxaa/nrf_atfifo.c.o
                0x00027fa0                nrf_atfifo_item_free
 .text.nrf_atflags_set
                0x00027fc0       0x14 _build/nrf52832_xxaa/nrf_atflags.c.o
                0x00027fc0                nrf_atflags_set
 .text.nrf_atflags_clear
                0x00027fd4       0x14 _build/nrf52832_xxaa/nrf_atflags.c.o
                0x00027fd4                nrf_atflags_clear
 .text.nrf_atflags_get
                0x00027fe8       0x14 _build/nrf52832_xxaa/nrf_atflags.c.o
                0x00027fe8                nrf_atflags_get
 .text.nrf_atomic_u32_fetch_store
                0x00027ffc       0x1c _build/nrf52832_xxaa/nrf_atomic.c.o
                0x00027ffc                nrf_atomic_u32_fetch_store
 .text.nrf_atomic_u32_or
                0x00028018       0x1c _build/nrf52832_xxaa/nrf_atomic.c.o
                0x00028018                nrf_atomic_u32_or
 .text.nrf_atomic_u32_and
                0x00028034       0x1c _build/nrf52832_xxaa/nrf_atomic.c.o
                0x00028034                nrf_atomic_u32_and
 .text.nrf_atomic_u32_add
                0x00028050       0x1c _build/nrf52832_xxaa/nrf_atomic.c.o
                0x00028050                nrf_atomic_u32_add
 .text.nrf_atomic_u32_sub
                0x0002806c       0x1c _build/nrf52832_xxaa/nrf_atomic.c.o
                0x0002806c                nrf_atomic_u32_sub
 .text.nrf_atomic_flag_set
                0x00028088       0x20 _build/nrf52832_xxaa/nrf_atomic.c.o
                0x00028088                nrf_atomic_flag_set
 .text.nrf_atomic_flag_clear_fetch
                0x000280a8       0x20 _build/nrf52832_xxaa/nrf_atomic.c.o
                0x000280a8                nrf_atomic_flag_clear_fetch
 .text.nrf_balloc_init
                0x000280c8       0x38 _build/nrf52832_xxaa/nrf_balloc.c.o
                0x000280c8                nrf_balloc_init
 .text.nrf_balloc_alloc
                0x00028100       0x50 _build/nrf52832_xxaa/nrf_balloc.c.o
                0x00028100                nrf_balloc_alloc
 .text.nrf_balloc_free
                0x00028150       0x38 _build/nrf52832_xxaa/nrf_balloc.c.o
                0x00028150                nrf_balloc_free
 .text.nrf_fprintf_buffer_flush
                0x00028188       0x18 _build/nrf52832_xxaa/nrf_fprintf.c.o
                0x00028188                nrf_fprintf_buffer_flush
 .text.nrf_fprintf
                0x000281a0       0x20 _build/nrf52832_xxaa/nrf_fprintf.c.o
                0x000281a0                nrf_fprintf
 .text.unsigned_print
                0x000281c0      0x14c _build/nrf52832_xxaa/nrf_fprintf_format.c.o
 .text.nrf_fprintf_fmt
                0x0002830c      0x5cc _build/nrf52832_xxaa/nrf_fprintf_format.c.o
                0x0002830c                nrf_fprintf_fmt
 .text.nrf_memobj_pool_init
                0x000288d8        0x4 _build/nrf52832_xxaa/nrf_memobj.c.o
                0x000288d8                nrf_memobj_pool_init
 .text.nrf_memobj_alloc
                0x000288dc       0x94 _build/nrf52832_xxaa/nrf_memobj.c.o
                0x000288dc                nrf_memobj_alloc
 .text.nrf_memobj_get
                0x00028970        0x8 _build/nrf52832_xxaa/nrf_memobj.c.o
                0x00028970                nrf_memobj_get
 .text.nrf_memobj_put
                0x00028978       0x58 _build/nrf52832_xxaa/nrf_memobj.c.o
                0x00028978                nrf_memobj_put
 .text.nrf_memobj_write
                0x000289d0       0x68 _build/nrf52832_xxaa/nrf_memobj.c.o
                0x000289d0                nrf_memobj_write
 .text.nrf_memobj_read
                0x00028a38       0x68 _build/nrf52832_xxaa/nrf_memobj.c.o
                0x00028a38                nrf_memobj_read
 .text.sd_app_evt_wait
                0x00028aa0        0x4 _build/nrf52832_xxaa/nrf_pwr_mgmt.c.o
 .text.nrf_pwr_mgmt_init
                0x00028aa4       0x2c _build/nrf52832_xxaa/nrf_pwr_mgmt.c.o
                0x00028aa4                nrf_pwr_mgmt_init
 .text.nrf_pwr_mgmt_run
                0x00028ad0       0x54 _build/nrf52832_xxaa/nrf_pwr_mgmt.c.o
                0x00028ad0                nrf_pwr_mgmt_run
 .text.nrf_ringbuf_init
                0x00028b24       0x1c _build/nrf52832_xxaa/nrf_ringbuf.c.o
                0x00028b24                nrf_ringbuf_init
 .text.nrf_section_iter_init
                0x00028b40       0x14 _build/nrf52832_xxaa/nrf_section_iter.c.o
                0x00028b40                nrf_section_iter_init
 .text.nrf_section_iter_next
                0x00028b54       0x18 _build/nrf52832_xxaa/nrf_section_iter.c.o
                0x00028b54                nrf_section_iter_next
 .text.nrf_sortlist_add
                0x00028b6c       0x28 _build/nrf52832_xxaa/nrf_sortlist.c.o
                0x00028b6c                nrf_sortlist_add
 .text.nrf_sortlist_pop
                0x00028b94        0xc _build/nrf52832_xxaa/nrf_sortlist.c.o
                0x00028b94                nrf_sortlist_pop
 .text.nrf_sortlist_peek
                0x00028ba0        0x8 _build/nrf52832_xxaa/nrf_sortlist.c.o
                0x00028ba0                nrf_sortlist_peek
 .text.nrf_sortlist_remove
                0x00028ba8       0x1c _build/nrf52832_xxaa/nrf_sortlist.c.o
                0x00028ba8                nrf_sortlist_remove
 .text.nrf_strerror_get
                0x00028bc4       0x50 _build/nrf52832_xxaa/nrf_strerror.c.o
                0x00028bc4                nrf_strerror_get
 .text._write   0x00028c14       0x1c _build/nrf52832_xxaa/retarget.c.o
                0x00028c14                _write
 .text._read    0x00028c30       0x14 _build/nrf52832_xxaa/retarget.c.o
                0x00028c30                _read
 .text.SystemInit
                0x00028c44      0x37c _build/nrf52832_xxaa/system_nrf52.c.o
                0x00028c44                SystemInit
 .text.bsp_board_led_state_get
                0x00028fc0       0x1c _build/nrf52832_xxaa/boards.c.o
                0x00028fc0                bsp_board_led_state_get
 .text.bsp_board_led_on
                0x00028fdc       0x18 _build/nrf52832_xxaa/boards.c.o
                0x00028fdc                bsp_board_led_on
 .text.bsp_board_led_off
                0x00028ff4       0x18 _build/nrf52832_xxaa/boards.c.o
                0x00028ff4                bsp_board_led_off
 .text.bsp_board_leds_off
                0x0002900c       0x2c _build/nrf52832_xxaa/boards.c.o
                0x0002900c                bsp_board_leds_off
 .text.bsp_board_leds_on
                0x00029038       0x2c _build/nrf52832_xxaa/boards.c.o
                0x00029038                bsp_board_leds_on
 .text.bsp_board_led_invert
                0x00029064       0x24 _build/nrf52832_xxaa/boards.c.o
                0x00029064                bsp_board_led_invert
 .text.bsp_board_button_state_get
                0x00029088       0x1c _build/nrf52832_xxaa/boards.c.o
                0x00029088                bsp_board_button_state_get
 .text.bsp_board_pin_to_button_idx
                0x000290a4       0x24 _build/nrf52832_xxaa/boards.c.o
                0x000290a4                bsp_board_pin_to_button_idx
 .text.bsp_board_button_idx_to_pin
                0x000290c8        0xc _build/nrf52832_xxaa/boards.c.o
                0x000290c8                bsp_board_button_idx_to_pin
 .text.bsp_board_init
                0x000290d4       0x5c _build/nrf52832_xxaa/boards.c.o
                0x000290d4                bsp_board_init
 .text.clock_irq_handler
                0x00029130       0x44 _build/nrf52832_xxaa/nrf_drv_clock.c.o
 .text.soc_evt_handler
                0x00029174       0x28 _build/nrf52832_xxaa/nrf_drv_clock.c.o
 .text.sd_state_evt_handler
                0x0002919c       0xc8 _build/nrf52832_xxaa/nrf_drv_clock.c.o
 .text.uarte_evt_handler
                0x00029264       0x34 _build/nrf52832_xxaa/nrf_drv_uart.c.o
 .text.uart_evt_handler
                0x00029298       0x34 _build/nrf52832_xxaa/nrf_drv_uart.c.o
 .text.nrf_drv_uart_init
                0x000292cc       0x80 _build/nrf52832_xxaa/nrf_drv_uart.c.o
                0x000292cc                nrf_drv_uart_init
 .text.nrfx_clock_init
                0x0002934c       0x18 _build/nrf52832_xxaa/nrfx_clock.c.o
                0x0002934c                nrfx_clock_init
 .text.nrfx_clock_enable
                0x00029364       0x24 _build/nrf52832_xxaa/nrfx_clock.c.o
                0x00029364                nrfx_clock_enable
 .text.nrfx_clock_lfclk_stop
                0x00029388       0x38 _build/nrf52832_xxaa/nrfx_clock.c.o
                0x00029388                nrfx_clock_lfclk_stop
 .text.POWER_CLOCK_IRQHandler
                0x000293c0       0x6c _build/nrf52832_xxaa/nrfx_clock.c.o
                0x000293c0                POWER_CLOCK_IRQHandler
 .text.nrfx_gpiote_init
                0x0002942c       0xa0 _build/nrf52832_xxaa/nrfx_gpiote.c.o
                0x0002942c                nrfx_gpiote_init
 .text.nrfx_gpiote_is_init
                0x000294cc       0x14 _build/nrf52832_xxaa/nrfx_gpiote.c.o
                0x000294cc                nrfx_gpiote_is_init
 .text.nrfx_gpiote_in_init
                0x000294e0      0x1c8 _build/nrf52832_xxaa/nrfx_gpiote.c.o
                0x000294e0                nrfx_gpiote_in_init
 .text.nrfx_gpiote_in_event_enable
                0x000296a8       0xbc _build/nrf52832_xxaa/nrfx_gpiote.c.o
                0x000296a8                nrfx_gpiote_in_event_enable
 .text.nrfx_gpiote_in_is_set
                0x00029764       0x14 _build/nrf52832_xxaa/nrfx_gpiote.c.o
                0x00029764                nrfx_gpiote_in_is_set
 .text.GPIOTE_IRQHandler
                0x00029778      0x444 _build/nrf52832_xxaa/nrfx_gpiote.c.o
                0x00029778                GPIOTE_IRQHandler
 .text.UARTE0_UART0_IRQHandler
                0x00029bbc        0xc _build/nrf52832_xxaa/nrfx_prs.c.o
                0x00029bbc                UARTE0_UART0_IRQHandler
 .text.nrfx_prs_acquire
                0x00029bc8       0x50 _build/nrf52832_xxaa/nrfx_prs.c.o
                0x00029bc8                nrfx_prs_acquire
 .text.nrfx_uart_0_irq_handler
                0x00029c18      0x1c4 _build/nrf52832_xxaa/nrfx_uart.c.o
                0x00029c18                nrfx_uart_0_irq_handler
 .text.nrfx_uart_init
                0x00029ddc      0x1a4 _build/nrf52832_xxaa/nrfx_uart.c.o
                0x00029ddc                nrfx_uart_init
 .text.nrfx_uart_tx
                0x00029f80       0xd0 _build/nrf52832_xxaa/nrfx_uart.c.o
                0x00029f80                nrfx_uart_tx
 .text.nrfx_uart_tx_in_progress
                0x0002a050       0x18 _build/nrf52832_xxaa/nrfx_uart.c.o
                0x0002a050                nrfx_uart_tx_in_progress
 .text.nrfx_uart_rx
                0x0002a068      0x148 _build/nrf52832_xxaa/nrfx_uart.c.o
                0x0002a068                nrfx_uart_rx
 .text.nrfx_uarte_0_irq_handler
                0x0002a1b0      0x168 _build/nrf52832_xxaa/nrfx_uarte.c.o
                0x0002a1b0                nrfx_uarte_0_irq_handler
 .text.nrfx_uarte_init
                0x0002a318      0x1dc _build/nrf52832_xxaa/nrfx_uarte.c.o
                0x0002a318                nrfx_uarte_init
 .text.nrfx_uarte_tx
                0x0002a4f4       0xb4 _build/nrf52832_xxaa/nrfx_uarte.c.o
                0x0002a4f4                nrfx_uarte_tx
 .text.nrfx_uarte_tx_in_progress
                0x0002a5a8       0x1c _build/nrf52832_xxaa/nrfx_uarte.c.o
                0x0002a5a8                nrfx_uarte_tx_in_progress
 .text.nrfx_uarte_rx
                0x0002a5c4      0x130 _build/nrf52832_xxaa/nrfx_uarte.c.o
                0x0002a5c4                nrfx_uarte_rx
 .text.alert_timer_handler
                0x0002a6f4        0x8 _build/nrf52832_xxaa/bsp.c.o
 .text.bsp_button_event_handler
                0x0002a6fc       0xa4 _build/nrf52832_xxaa/bsp.c.o
 .text.button_timer_handler
                0x0002a7a0       0x30 _build/nrf52832_xxaa/bsp.c.o
 .text.bsp_led_indication
                0x0002a7d0      0x318 _build/nrf52832_xxaa/bsp.c.o
 .text.leds_timer_handler
                0x0002aae8       0x1c _build/nrf52832_xxaa/bsp.c.o
 .text.bsp_button_is_pressed
                0x0002ab04        0xc _build/nrf52832_xxaa/bsp.c.o
                0x0002ab04                bsp_button_is_pressed
 .text.bsp_indication_set
                0x0002ab10       0x18 _build/nrf52832_xxaa/bsp.c.o
                0x0002ab10                bsp_indication_set
 .text.bsp_init
                0x0002ab28       0xbc _build/nrf52832_xxaa/bsp.c.o
                0x0002ab28                bsp_init
 .text.bsp_event_to_button_action_assign
                0x0002abe4       0x54 _build/nrf52832_xxaa/bsp.c.o
                0x0002abe4                bsp_event_to_button_action_assign
 .text.bsp_wakeup_button_enable
                0x0002ac38       0x30 _build/nrf52832_xxaa/bsp.c.o
                0x0002ac38                bsp_wakeup_button_enable
 .text.ble_evt_handler
                0x0002ac68       0xac _build/nrf52832_xxaa/bsp_btn_ble.c.o
 .text.bsp_btn_ble_sleep_mode_prepare
                0x0002ad14       0x24 _build/nrf52832_xxaa/bsp_btn_ble.c.o
                0x0002ad14                bsp_btn_ble_sleep_mode_prepare
 .text.bsp_btn_ble_init
                0x0002ad38       0x6c _build/nrf52832_xxaa/bsp_btn_ble.c.o
                0x0002ad38                bsp_btn_ble_init
 .text.sd_ble_gap_disconnect
                0x0002ada4        0x4 _build/nrf52832_xxaa/main.c.o
 .text.sd_ble_gap_ppcp_set
                0x0002ada8        0x4 _build/nrf52832_xxaa/main.c.o
 .text.sd_ble_gap_device_name_set
                0x0002adac        0x4 _build/nrf52832_xxaa/main.c.o
 .text.sd_ble_gap_sec_params_reply
                0x0002adb0        0x4 _build/nrf52832_xxaa/main.c.o
 .text.sd_ble_gap_phy_update
                0x0002adb4        0x4 _build/nrf52832_xxaa/main.c.o
 .text.sd_ble_gatts_sys_attr_set
                0x0002adb8        0x4 _build/nrf52832_xxaa/main.c.o
 .text.sd_power_system_off
                0x0002adbc        0x4 _build/nrf52832_xxaa/main.c.o
 .text.nrf_qwr_error_handler
                0x0002adc0        0x4 _build/nrf52832_xxaa/main.c.o
 .text.ble_evt_handler
                0x0002adc4       0xf8 _build/nrf52832_xxaa/main.c.o
 .text.gatt_evt_handler
                0x0002aebc       0x50 _build/nrf52832_xxaa/main.c.o
                0x0002aebc                gatt_evt_handler
 .text.on_conn_params_evt
                0x0002af0c       0x24 _build/nrf52832_xxaa/main.c.o
 .text.bsp_event_handler
                0x0002af30       0x70 _build/nrf52832_xxaa/main.c.o
                0x0002af30                bsp_event_handler
 .text.uart_event_handle
                0x0002afa0       0x98 _build/nrf52832_xxaa/main.c.o
                0x0002afa0                uart_event_handle
 .text.nus_data_handler
                0x0002b038       0x80 _build/nrf52832_xxaa/main.c.o
 .text.conn_params_error_handler
                0x0002b0b8        0x4 _build/nrf52832_xxaa/main.c.o
 .text.on_adv_evt
                0x0002b0bc       0x40 _build/nrf52832_xxaa/main.c.o
 .text.gatt_init
                0x0002b0fc       0x38 _build/nrf52832_xxaa/main.c.o
                0x0002b0fc                gatt_init
 .text.startup.main
                0x0002b134      0x270 _build/nrf52832_xxaa/main.c.o
                0x0002b134                main
 .text.SEGGER_RTT_WriteNoLock
                0x0002b3a4      0x1bc _build/nrf52832_xxaa/SEGGER_RTT.c.o
                0x0002b3a4                SEGGER_RTT_WriteNoLock
 .text.SEGGER_RTT_Init
                0x0002b560       0x60 _build/nrf52832_xxaa/SEGGER_RTT.c.o
                0x0002b560                SEGGER_RTT_Init
 .text.sd_ble_gap_addr_get
                0x0002b5c0        0x4 _build/nrf52832_xxaa/ble_advdata.c.o
 .text.sd_ble_gap_appearance_get
                0x0002b5c4        0x4 _build/nrf52832_xxaa/ble_advdata.c.o
 .text.sd_ble_gap_device_name_get
                0x0002b5c8        0x4 _build/nrf52832_xxaa/ble_advdata.c.o
 .text.sd_ble_uuid_encode
                0x0002b5cc        0x4 _build/nrf52832_xxaa/ble_advdata.c.o
 .text.uuid_list_sized_encode.isra.0
                0x0002b5d0       0xf0 _build/nrf52832_xxaa/ble_advdata.c.o
 .text.ble_advdata_encode
                0x0002b6c0      0x40c _build/nrf52832_xxaa/ble_advdata.c.o
                0x0002b6c0                ble_advdata_encode
 .text.ble_advdata_parse
                0x0002bacc       0x4c _build/nrf52832_xxaa/ble_advdata.c.o
                0x0002bacc                ble_advdata_parse
 .text.sd_ble_gap_adv_set_configure
                0x0002bb18        0x4 _build/nrf52832_xxaa/ble_advertising.c.o
 .text.sd_ble_gap_adv_start
                0x0002bb1c        0x4 _build/nrf52832_xxaa/ble_advertising.c.o
 .text.sd_ble_gap_adv_stop
                0x0002bb20        0x4 _build/nrf52832_xxaa/ble_advertising.c.o
 .text.ble_advertising_start.part.0
                0x0002bb24      0x2e4 _build/nrf52832_xxaa/ble_advertising.c.o
 .text.ble_advertising_conn_cfg_tag_set
                0x0002be08        0x8 _build/nrf52832_xxaa/ble_advertising.c.o
                0x0002be08                ble_advertising_conn_cfg_tag_set
 .text.ble_advertising_init
                0x0002be10      0x10c _build/nrf52832_xxaa/ble_advertising.c.o
                0x0002be10                ble_advertising_init
 .text.ble_advertising_start
                0x0002bf1c        0xc _build/nrf52832_xxaa/ble_advertising.c.o
                0x0002bf1c                ble_advertising_start
 .text.ble_advertising_on_ble_evt
                0x0002bf28       0x8c _build/nrf52832_xxaa/ble_advertising.c.o
                0x0002bf28                ble_advertising_on_ble_evt
 .text.ble_advertising_restart_without_whitelist
                0x0002bfb4       0x60 _build/nrf52832_xxaa/ble_advertising.c.o
                0x0002bfb4                ble_advertising_restart_without_whitelist
 .text.sd_ble_gap_conn_param_update
                0x0002c014        0x4 _build/nrf52832_xxaa/ble_conn_params.c.o
 .text.sd_ble_gap_disconnect
                0x0002c018        0x4 _build/nrf52832_xxaa/ble_conn_params.c.o
 .text.sd_ble_gap_ppcp_set
                0x0002c01c        0x4 _build/nrf52832_xxaa/ble_conn_params.c.o
 .text.sd_ble_gap_ppcp_get
                0x0002c020        0x4 _build/nrf52832_xxaa/ble_conn_params.c.o
 .text.update_timeout_handler
                0x0002c024       0x78 _build/nrf52832_xxaa/ble_conn_params.c.o
 .text.ble_evt_handler
                0x0002c09c      0x1d4 _build/nrf52832_xxaa/ble_conn_params.c.o
 .text.ble_conn_params_init
                0x0002c270       0x78 _build/nrf52832_xxaa/ble_conn_params.c.o
                0x0002c270                ble_conn_params_init
 .text.ble_evt_handler
                0x0002c2e8      0x160 _build/nrf52832_xxaa/ble_conn_state.c.o
 .text.ble_conn_state_conn_idx
                0x0002c448       0x24 _build/nrf52832_xxaa/ble_conn_state.c.o
                0x0002c448                ble_conn_state_conn_idx
 .text.blcm_link_ctx_get
                0x0002c46c       0x50 _build/nrf52832_xxaa/ble_link_ctx_manager.c.o
                0x0002c46c                blcm_link_ctx_get
 .text.sd_ble_gatts_characteristic_add
                0x0002c4bc        0x4 _build/nrf52832_xxaa/ble_srv_common.c.o
 .text.ble_srv_is_notification_enabled
                0x0002c4c0        0x8 _build/nrf52832_xxaa/ble_srv_common.c.o
                0x0002c4c0                ble_srv_is_notification_enabled
 .text.characteristic_add
                0x0002c4c8      0x278 _build/nrf52832_xxaa/ble_srv_common.c.o
                0x0002c4c8                characteristic_add
 .text.sd_ble_gap_data_length_update
                0x0002c740        0x4 _build/nrf52832_xxaa/nrf_ble_gatt.c.o
 .text.sd_ble_gattc_exchange_mtu_request
                0x0002c744        0x4 _build/nrf52832_xxaa/nrf_ble_gatt.c.o
 .text.sd_ble_gatts_exchange_mtu_reply
                0x0002c748        0x4 _build/nrf52832_xxaa/nrf_ble_gatt.c.o
 .text.data_length_update.constprop.0
                0x0002c74c       0x8c _build/nrf52832_xxaa/nrf_ble_gatt.c.o
 .text.nrf_ble_gatt_init
                0x0002c7d8       0x30 _build/nrf52832_xxaa/nrf_ble_gatt.c.o
                0x0002c7d8                nrf_ble_gatt_init
 .text.nrf_ble_gatt_att_mtu_periph_set
                0x0002c808       0x18 _build/nrf52832_xxaa/nrf_ble_gatt.c.o
                0x0002c808                nrf_ble_gatt_att_mtu_periph_set
 .text.nrf_ble_gatt_on_ble_evt
                0x0002c820      0x1c8 _build/nrf52832_xxaa/nrf_ble_gatt.c.o
                0x0002c820                nrf_ble_gatt_on_ble_evt
 .text.sd_ble_gatts_rw_authorize_reply
                0x0002c9e8        0x4 _build/nrf52832_xxaa/nrf_ble_qwr.c.o
 .text.sd_ble_user_mem_reply
                0x0002c9ec        0x4 _build/nrf52832_xxaa/nrf_ble_qwr.c.o
 .text.nrf_ble_qwr_init
                0x0002c9f0       0x24 _build/nrf52832_xxaa/nrf_ble_qwr.c.o
                0x0002c9f0                nrf_ble_qwr_init
 .text.nrf_ble_qwr_conn_handle_assign
                0x0002ca14       0x18 _build/nrf52832_xxaa/nrf_ble_qwr.c.o
                0x0002ca14                nrf_ble_qwr_conn_handle_assign
 .text.nrf_ble_qwr_on_ble_evt
                0x0002ca2c       0xf4 _build/nrf52832_xxaa/nrf_ble_qwr.c.o
                0x0002ca2c                nrf_ble_qwr_on_ble_evt
 .text.sd_ble_gatts_service_add
                0x0002cb20        0x4 _build/nrf52832_xxaa/ble_nus.c.o
 .text.sd_ble_gatts_value_get
                0x0002cb24        0x4 _build/nrf52832_xxaa/ble_nus.c.o
 .text.sd_ble_gatts_hvx
                0x0002cb28        0x4 _build/nrf52832_xxaa/ble_nus.c.o
 .text.sd_ble_uuid_vs_add
                0x0002cb2c        0x4 _build/nrf52832_xxaa/ble_nus.c.o
 .text.ble_nus_on_ble_evt
                0x0002cb30      0x144 _build/nrf52832_xxaa/ble_nus.c.o
                0x0002cb30                ble_nus_on_ble_evt
 .text.ble_nus_init
                0x0002cc74       0xe8 _build/nrf52832_xxaa/ble_nus.c.o
                0x0002cc74                ble_nus_init
 .text.ble_nus_data_send
                0x0002cd5c       0x6c _build/nrf52832_xxaa/ble_nus.c.o
                0x0002cd5c                ble_nus_data_send
 .text.sd_softdevice_enable
                0x0002cdc8        0x4 _build/nrf52832_xxaa/nrf_sdh.c.o
 .text.nrf_sdh_enable_request
                0x0002cdcc      0x118 _build/nrf52832_xxaa/nrf_sdh.c.o
                0x0002cdcc                nrf_sdh_enable_request
 .text.nrf_sdh_is_enabled
                0x0002cee4        0xc _build/nrf52832_xxaa/nrf_sdh.c.o
                0x0002cee4                nrf_sdh_is_enabled
 .text.SWI2_EGU2_IRQHandler
                0x0002cef0       0x2c _build/nrf52832_xxaa/nrf_sdh.c.o
                0x0002cef0                SWI2_EGU2_IRQHandler
 .text.sd_ble_enable
                0x0002cf1c        0x4 _build/nrf52832_xxaa/nrf_sdh_ble.c.o
 .text.sd_ble_cfg_set
                0x0002cf20        0x4 _build/nrf52832_xxaa/nrf_sdh_ble.c.o
 .text.sd_ble_evt_get
                0x0002cf24        0x4 _build/nrf52832_xxaa/nrf_sdh_ble.c.o
 .text.nrf_sdh_ble_evts_poll.part.0
                0x0002cf28       0x54 _build/nrf52832_xxaa/nrf_sdh_ble.c.o
 .text.nrf_sdh_ble_evts_poll
                0x0002cf7c       0x10 _build/nrf52832_xxaa/nrf_sdh_ble.c.o
 .text.nrf_sdh_ble_default_cfg_set
                0x0002cf8c      0x1bc _build/nrf52832_xxaa/nrf_sdh_ble.c.o
                0x0002cf8c                nrf_sdh_ble_default_cfg_set
 .text.nrf_sdh_ble_enable
                0x0002d148       0xa0 _build/nrf52832_xxaa/nrf_sdh_ble.c.o
                0x0002d148                nrf_sdh_ble_enable
 .text.sd_evt_get
                0x0002d1e8        0x4 _build/nrf52832_xxaa/nrf_sdh_soc.c.o
 .text.nrf_sdh_soc_evts_poll
                0x0002d1ec       0x4c _build/nrf52832_xxaa/nrf_sdh_soc.c.o
 .text.exit     0x0002d238       0x28 c:/gnu_arm_gcc/9 2019-q4-major/bin/../lib/gcc/arm-none-eabi/9.2.1/../../../../arm-none-eabi/lib/thumb/v7e-m+fp/hard\libc_nano.a(lib_a-exit.o)
                0x0002d238                exit
 .text.__libc_init_array
                0x0002d260       0x48 c:/gnu_arm_gcc/9 2019-q4-major/bin/../lib/gcc/arm-none-eabi/9.2.1/../../../../arm-none-eabi/lib/thumb/v7e-m+fp/hard\libc_nano.a(lib_a-init.o)
                0x0002d260                __libc_init_array
 .text.memcpy   0x0002d2a8       0x1c c:/gnu_arm_gcc/9 2019-q4-major/bin/../lib/gcc/arm-none-eabi/9.2.1/../../../../arm-none-eabi/lib/thumb/v7e-m+fp/hard\libc_nano.a(lib_a-memcpy-stub.o)
                0x0002d2a8                memcpy
 .text.memset   0x0002d2c4       0x10 c:/gnu_arm_gcc/9 2019-q4-major/bin/../lib/gcc/arm-none-eabi/9.2.1/../../../../arm-none-eabi/lib/thumb/v7e-m+fp/hard\libc_nano.a(lib_a-memset.o)
                0x0002d2c4                memset
 .text.printf   0x0002d2d4       0x30 c:/gnu_arm_gcc/9 2019-q4-major/bin/../lib/gcc/arm-none-eabi/9.2.1/../../../../arm-none-eabi/lib/thumb/v7e-m+fp/hard\libc_nano.a(lib_a-printf.o)
                0x0002d2d4                iprintf
                0x0002d2d4                printf
 .text.strcpy   0x0002d304       0x10 c:/gnu_arm_gcc/9 2019-q4-major/bin/../lib/gcc/arm-none-eabi/9.2.1/../../../../arm-none-eabi/lib/thumb/v7e-m+fp/hard\libc_nano.a(lib_a-strcpy.o)
                0x0002d304                strcpy
 .text          0x0002d314       0x10 c:/gnu_arm_gcc/9 2019-q4-major/bin/../lib/gcc/arm-none-eabi/9.2.1/../../../../arm-none-eabi/lib/thumb/v7e-m+fp/hard\libc_nano.a(lib_a-strlen.o)
                0x0002d314                strlen
 .text.std      0x0002d324       0x48 c:/gnu_arm_gcc/9 2019-q4-major/bin/../lib/gcc/arm-none-eabi/9.2.1/../../../../arm-none-eabi/lib/thumb/v7e-m+fp/hard\libc_nano.a(lib_a-findfp.o)
 .text._cleanup_r
                0x0002d36c        0xc c:/gnu_arm_gcc/9 2019-q4-major/bin/../lib/gcc/arm-none-eabi/9.2.1/../../../../arm-none-eabi/lib/thumb/v7e-m+fp/hard\libc_nano.a(lib_a-findfp.o)
                0x0002d36c                _cleanup_r
 .text.__sfmoreglue
                0x0002d378       0x2c c:/gnu_arm_gcc/9 2019-q4-major/bin/../lib/gcc/arm-none-eabi/9.2.1/../../../../arm-none-eabi/lib/thumb/v7e-m+fp/hard\libc_nano.a(lib_a-findfp.o)
                0x0002d378                __sfmoreglue
 .text.__sfp_lock_acquire
                0x0002d3a4        0xc c:/gnu_arm_gcc/9 2019-q4-major/bin/../lib/gcc/arm-none-eabi/9.2.1/../../../../arm-none-eabi/lib/thumb/v7e-m+fp/hard\libc_nano.a(lib_a-findfp.o)
                0x0002d3a4                __sfp_lock_acquire
 .text.__sfp_lock_release
                0x0002d3b0        0xc c:/gnu_arm_gcc/9 2019-q4-major/bin/../lib/gcc/arm-none-eabi/9.2.1/../../../../arm-none-eabi/lib/thumb/v7e-m+fp/hard\libc_nano.a(lib_a-findfp.o)
                0x0002d3b0                __sfp_lock_release
 .text.__sinit_lock_acquire
                0x0002d3bc        0xc c:/gnu_arm_gcc/9 2019-q4-major/bin/../lib/gcc/arm-none-eabi/9.2.1/../../../../arm-none-eabi/lib/thumb/v7e-m+fp/hard\libc_nano.a(lib_a-findfp.o)
                0x0002d3bc                __sinit_lock_acquire
 .text.__sinit_lock_release
                0x0002d3c8        0xc c:/gnu_arm_gcc/9 2019-q4-major/bin/../lib/gcc/arm-none-eabi/9.2.1/../../../../arm-none-eabi/lib/thumb/v7e-m+fp/hard\libc_nano.a(lib_a-findfp.o)
                0x0002d3c8                __sinit_lock_release
 .text.__sinit  0x0002d3d4       0x70 c:/gnu_arm_gcc/9 2019-q4-major/bin/../lib/gcc/arm-none-eabi/9.2.1/../../../../arm-none-eabi/lib/thumb/v7e-m+fp/hard\libc_nano.a(lib_a-findfp.o)
                0x0002d3d4                __sinit
 .text.__sfp    0x0002d444       0x8c c:/gnu_arm_gcc/9 2019-q4-major/bin/../lib/gcc/arm-none-eabi/9.2.1/../../../../arm-none-eabi/lib/thumb/v7e-m+fp/hard\libc_nano.a(lib_a-findfp.o)
                0x0002d444                __sfp
 .text._fwalk_reent
                0x0002d4d0       0x3e c:/gnu_arm_gcc/9 2019-q4-major/bin/../lib/gcc/arm-none-eabi/9.2.1/../../../../arm-none-eabi/lib/thumb/v7e-m+fp/hard\libc_nano.a(lib_a-fwalk.o)
                0x0002d4d0                _fwalk_reent
 .text.__retarget_lock_init_recursive
                0x0002d50e        0x2 c:/gnu_arm_gcc/9 2019-q4-major/bin/../lib/gcc/arm-none-eabi/9.2.1/../../../../arm-none-eabi/lib/thumb/v7e-m+fp/hard\libc_nano.a(lib_a-lock.o)
                0x0002d50e                __retarget_lock_init_recursive
 .text.__retarget_lock_acquire_recursive
                0x0002d510        0x2 c:/gnu_arm_gcc/9 2019-q4-major/bin/../lib/gcc/arm-none-eabi/9.2.1/../../../../arm-none-eabi/lib/thumb/v7e-m+fp/hard\libc_nano.a(lib_a-lock.o)
                0x0002d510                __retarget_lock_acquire_recursive
 .text.__retarget_lock_release_recursive
                0x0002d512        0x2 c:/gnu_arm_gcc/9 2019-q4-major/bin/../lib/gcc/arm-none-eabi/9.2.1/../../../../arm-none-eabi/lib/thumb/v7e-m+fp/hard\libc_nano.a(lib_a-lock.o)
                0x0002d512                __retarget_lock_release_recursive
 .text._malloc_r
                0x0002d514       0xb4 c:/gnu_arm_gcc/9 2019-q4-major/bin/../lib/gcc/arm-none-eabi/9.2.1/../../../../arm-none-eabi/lib/thumb/v7e-m+fp/hard\libc_nano.a(lib_a-nano-mallocr.o)
                0x0002d514                _malloc_r
 .text.__sfputc_r
                0x0002d5c8       0x2e c:/gnu_arm_gcc/9 2019-q4-major/bin/../lib/gcc/arm-none-eabi/9.2.1/../../../../arm-none-eabi/lib/thumb/v7e-m+fp/hard\libc_nano.a(lib_a-nano-vfprintf.o)
 .text.__sfputs_r
                0x0002d5f6       0x24 c:/gnu_arm_gcc/9 2019-q4-major/bin/../lib/gcc/arm-none-eabi/9.2.1/../../../../arm-none-eabi/lib/thumb/v7e-m+fp/hard\libc_nano.a(lib_a-nano-vfprintf.o)
                0x0002d5f6                __sfputs_r
 *fill*         0x0002d61a        0x2 
 .text._vfprintf_r
                0x0002d61c      0x260 c:/gnu_arm_gcc/9 2019-q4-major/bin/../lib/gcc/arm-none-eabi/9.2.1/../../../../arm-none-eabi/lib/thumb/v7e-m+fp/hard\libc_nano.a(lib_a-nano-vfprintf.o)
                0x0002d61c                _vfprintf_r
                0x0002d61c                _vfiprintf_r
 .text._printf_common
                0x0002d87c       0xda c:/gnu_arm_gcc/9 2019-q4-major/bin/../lib/gcc/arm-none-eabi/9.2.1/../../../../arm-none-eabi/lib/thumb/v7e-m+fp/hard\libc_nano.a(lib_a-nano-vfprintf_i.o)
                0x0002d87c                _printf_common
 *fill*         0x0002d956        0x2 
 .text._printf_i
                0x0002d958      0x24c c:/gnu_arm_gcc/9 2019-q4-major/bin/../lib/gcc/arm-none-eabi/9.2.1/../../../../arm-none-eabi/lib/thumb/v7e-m+fp/hard\libc_nano.a(lib_a-nano-vfprintf_i.o)
                0x0002d958                _printf_i
 .text._sbrk_r  0x0002dba4       0x20 c:/gnu_arm_gcc/9 2019-q4-major/bin/../lib/gcc/arm-none-eabi/9.2.1/../../../../arm-none-eabi/lib/thumb/v7e-m+fp/hard\libc_nano.a(lib_a-sbrkr.o)
                0x0002dba4                _sbrk_r
 .text.__sread  0x0002dbc4       0x22 c:/gnu_arm_gcc/9 2019-q4-major/bin/../lib/gcc/arm-none-eabi/9.2.1/../../../../arm-none-eabi/lib/thumb/v7e-m+fp/hard\libc_nano.a(lib_a-stdio.o)
                0x0002dbc4                __sread
 .text.__swrite
                0x0002dbe6       0x38 c:/gnu_arm_gcc/9 2019-q4-major/bin/../lib/gcc/arm-none-eabi/9.2.1/../../../../arm-none-eabi/lib/thumb/v7e-m+fp/hard\libc_nano.a(lib_a-stdio.o)
                0x0002dbe6                __swrite
 .text.__sseek  0x0002dc1e       0x24 c:/gnu_arm_gcc/9 2019-q4-major/bin/../lib/gcc/arm-none-eabi/9.2.1/../../../../arm-none-eabi/lib/thumb/v7e-m+fp/hard\libc_nano.a(lib_a-stdio.o)
                0x0002dc1e                __sseek
 .text.__sclose
                0x0002dc42        0x8 c:/gnu_arm_gcc/9 2019-q4-major/bin/../lib/gcc/arm-none-eabi/9.2.1/../../../../arm-none-eabi/lib/thumb/v7e-m+fp/hard\libc_nano.a(lib_a-stdio.o)
                0x0002dc42                __sclose
 *fill*         0x0002dc4a        0x2 
 .text.__swbuf_r
                0x0002dc4c       0xa4 c:/gnu_arm_gcc/9 2019-q4-major/bin/../lib/gcc/arm-none-eabi/9.2.1/../../../../arm-none-eabi/lib/thumb/v7e-m+fp/hard\libc_nano.a(lib_a-wbuf.o)
                0x0002dc4c                __swbuf_r
 .text._write_r
                0x0002dcf0       0x24 c:/gnu_arm_gcc/9 2019-q4-major/bin/../lib/gcc/arm-none-eabi/9.2.1/../../../../arm-none-eabi/lib/thumb/v7e-m+fp/hard\libc_nano.a(lib_a-writer.o)
                0x0002dcf0                _write_r
 .text.__swsetup_r
                0x0002dd14       0xdc c:/gnu_arm_gcc/9 2019-q4-major/bin/../lib/gcc/arm-none-eabi/9.2.1/../../../../arm-none-eabi/lib/thumb/v7e-m+fp/hard\libc_nano.a(lib_a-wsetup.o)
                0x0002dd14                __swsetup_r
 .text._close_r
                0x0002ddf0       0x20 c:/gnu_arm_gcc/9 2019-q4-major/bin/../lib/gcc/arm-none-eabi/9.2.1/../../../../arm-none-eabi/lib/thumb/v7e-m+fp/hard\libc_nano.a(lib_a-closer.o)
                0x0002ddf0                _close_r
 .text.__sflush_r
                0x0002de10      0x10c c:/gnu_arm_gcc/9 2019-q4-major/bin/../lib/gcc/arm-none-eabi/9.2.1/../../../../arm-none-eabi/lib/thumb/v7e-m+fp/hard\libc_nano.a(lib_a-fflush.o)
                0x0002de10                __sflush_r
 .text._fflush_r
                0x0002df1c       0x78 c:/gnu_arm_gcc/9 2019-q4-major/bin/../lib/gcc/arm-none-eabi/9.2.1/../../../../arm-none-eabi/lib/thumb/v7e-m+fp/hard\libc_nano.a(lib_a-fflush.o)
                0x0002df1c                _fflush_r
 .text._lseek_r
                0x0002df94       0x24 c:/gnu_arm_gcc/9 2019-q4-major/bin/../lib/gcc/arm-none-eabi/9.2.1/../../../../arm-none-eabi/lib/thumb/v7e-m+fp/hard\libc_nano.a(lib_a-lseekr.o)
                0x0002df94                _lseek_r
 .text.__swhatbuf_r
                0x0002dfb8       0x48 c:/gnu_arm_gcc/9 2019-q4-major/bin/../lib/gcc/arm-none-eabi/9.2.1/../../../../arm-none-eabi/lib/thumb/v7e-m+fp/hard\libc_nano.a(lib_a-makebuf.o)
                0x0002dfb8                __swhatbuf_r
 .text.__smakebuf_r
                0x0002e000       0x80 c:/gnu_arm_gcc/9 2019-q4-major/bin/../lib/gcc/arm-none-eabi/9.2.1/../../../../arm-none-eabi/lib/thumb/v7e-m+fp/hard\libc_nano.a(lib_a-makebuf.o)
                0x0002e000                __smakebuf_r
 .text          0x0002e080       0xa0 c:/gnu_arm_gcc/9 2019-q4-major/bin/../lib/gcc/arm-none-eabi/9.2.1/../../../../arm-none-eabi/lib/thumb/v7e-m+fp/hard\libc_nano.a(lib_a-memchr.o)
                0x0002e080                memchr
 .text.__malloc_lock
                0x0002e120        0xc c:/gnu_arm_gcc/9 2019-q4-major/bin/../lib/gcc/arm-none-eabi/9.2.1/../../../../arm-none-eabi/lib/thumb/v7e-m+fp/hard\libc_nano.a(lib_a-mlock.o)
                0x0002e120                __malloc_lock
 .text.__malloc_unlock
                0x0002e12c        0xc c:/gnu_arm_gcc/9 2019-q4-major/bin/../lib/gcc/arm-none-eabi/9.2.1/../../../../arm-none-eabi/lib/thumb/v7e-m+fp/hard\libc_nano.a(lib_a-mlock.o)
                0x0002e12c                __malloc_unlock
 .text._free_r  0x0002e138       0xa0 c:/gnu_arm_gcc/9 2019-q4-major/bin/../lib/gcc/arm-none-eabi/9.2.1/../../../../arm-none-eabi/lib/thumb/v7e-m+fp/hard\libc_nano.a(lib_a-nano-freer.o)
                0x0002e138                _free_r
 .text._read_r  0x0002e1d8       0x24 c:/gnu_arm_gcc/9 2019-q4-major/bin/../lib/gcc/arm-none-eabi/9.2.1/../../../../arm-none-eabi/lib/thumb/v7e-m+fp/hard\libc_nano.a(lib_a-readr.o)
                0x0002e1d8                _read_r
 .text._fstat_r
                0x0002e1fc       0x24 c:/gnu_arm_gcc/9 2019-q4-major/bin/../lib/gcc/arm-none-eabi/9.2.1/../../../../arm-none-eabi/lib/thumb/v7e-m+fp/hard\libc_nano.a(lib_a-fstatr.o)
                0x0002e1fc                _fstat_r
 .text._isatty_r
                0x0002e220       0x20 c:/gnu_arm_gcc/9 2019-q4-major/bin/../lib/gcc/arm-none-eabi/9.2.1/../../../../arm-none-eabi/lib/thumb/v7e-m+fp/hard\libc_nano.a(lib_a-isattyr.o)
                0x0002e220                _isatty_r
 .text._close   0x0002e240       0x10 c:/gnu_arm_gcc/9 2019-q4-major/bin/../lib/gcc/arm-none-eabi/9.2.1/../../../../arm-none-eabi/lib/thumb/v7e-m+fp/hard\libnosys.a(close.o)
                0x0002e240                _close
 .text._fstat   0x0002e250       0x10 c:/gnu_arm_gcc/9 2019-q4-major/bin/../lib/gcc/arm-none-eabi/9.2.1/../../../../arm-none-eabi/lib/thumb/v7e-m+fp/hard\libnosys.a(fstat.o)
                0x0002e250                _fstat
 .text._isatty  0x0002e260       0x10 c:/gnu_arm_gcc/9 2019-q4-major/bin/../lib/gcc/arm-none-eabi/9.2.1/../../../../arm-none-eabi/lib/thumb/v7e-m+fp/hard\libnosys.a(isatty.o)
                0x0002e260                _isatty
 .text._lseek   0x0002e270       0x10 c:/gnu_arm_gcc/9 2019-q4-major/bin/../lib/gcc/arm-none-eabi/9.2.1/../../../../arm-none-eabi/lib/thumb/v7e-m+fp/hard\libnosys.a(lseek.o)
                0x0002e270                _lseek
 .text._sbrk    0x0002e280       0x1c c:/gnu_arm_gcc/9 2019-q4-major/bin/../lib/gcc/arm-none-eabi/9.2.1/../../../../arm-none-eabi/lib/thumb/v7e-m+fp/hard\libnosys.a(sbrk.o)
                0x0002e280                _sbrk
 .text._exit    0x0002e29c        0x4 c:/gnu_arm_gcc/9 2019-q4-major/bin/../lib/gcc/arm-none-eabi/9.2.1/../../../../arm-none-eabi/lib/thumb/v7e-m+fp/hard\libnosys.a(_exit.o)
                0x0002e29c                _exit
 .text          0x0002e2a0       0x30 c:/gnu_arm_gcc/9 2019-q4-major/bin/../lib/gcc/arm-none-eabi/9.2.1/thumb/v7e-m+fp/hard\libgcc.a(_aeabi_uldivmod.o)
                0x0002e2a0                __aeabi_uldivmod
 .text          0x0002e2d0      0x2c4 c:/gnu_arm_gcc/9 2019-q4-major/bin/../lib/gcc/arm-none-eabi/9.2.1/thumb/v7e-m+fp/hard\libgcc.a(_udivmoddi4.o)
                0x0002e2d0                __udivmoddi4
 .text          0x0002e594        0x4 c:/gnu_arm_gcc/9 2019-q4-major/bin/../lib/gcc/arm-none-eabi/9.2.1/thumb/v7e-m+fp/hard\libgcc.a(_dvmd_tls.o)
                0x0002e594                __aeabi_idiv0
                0x0002e594                __aeabi_ldiv0
 *(.init)
 .init          0x0002e598        0x4 c:/gnu_arm_gcc/9 2019-q4-major/bin/../lib/gcc/arm-none-eabi/9.2.1/thumb/v7e-m+fp/hard/crti.o
                0x0002e598                _init
 .init          0x0002e59c        0x8 c:/gnu_arm_gcc/9 2019-q4-major/bin/../lib/gcc/arm-none-eabi/9.2.1/thumb/v7e-m+fp/hard/crtn.o
 *(.fini)
 .fini          0x0002e5a4        0x4 c:/gnu_arm_gcc/9 2019-q4-major/bin/../lib/gcc/arm-none-eabi/9.2.1/thumb/v7e-m+fp/hard/crti.o
                0x0002e5a4                _fini
 .fini          0x0002e5a8        0x8 c:/gnu_arm_gcc/9 2019-q4-major/bin/../lib/gcc/arm-none-eabi/9.2.1/thumb/v7e-m+fp/hard/crtn.o
 *crtbegin.o(.ctors)
 *crtbegin?.o(.ctors)
 *(EXCLUDE_FILE(*crtend.o *crtend?.o) .ctors)
 *(SORT_BY_NAME(.ctors.*))
 *(.ctors)
 *crtbegin.o(.dtors)
 *crtbegin?.o(.dtors)
 *(EXCLUDE_FILE(*crtend.o *crtend?.o) .dtors)
 *(SORT_BY_NAME(.dtors.*))
 *(.dtors)
 *(.rodata*)
 .rodata.delay_machine_code.9226
                0x0002e5b0        0x6 _build/nrf52832_xxaa/nrf_log_backend_rtt.c.o
 *fill*         0x0002e5b6        0x2 
 .rodata.nrf_log_backend_rtt_api
                0x0002e5b8        0xc _build/nrf52832_xxaa/nrf_log_backend_rtt.c.o
                0x0002e5b8                nrf_log_backend_rtt_api
 .rodata.str1.4
                0x0002e5c4       0x10 _build/nrf52832_xxaa/nrf_log_default_backends.c.o
 .rodata.nrf_log_frontend_dequeue.str1.4
                0x0002e5d4       0x11 _build/nrf52832_xxaa/nrf_log_frontend.c.o
 *fill*         0x0002e5e5        0x3 
 .rodata.str1.4
                0x0002e5e8        0x4 _build/nrf52832_xxaa/nrf_log_frontend.c.o
 .rodata.m_log_push_ringbuf
                0x0002e5ec        0xc _build/nrf52832_xxaa/nrf_log_frontend.c.o
 .rodata.prefix_process.str1.4
                0x0002e5f8       0x36 _build/nrf52832_xxaa/nrf_log_str_formatter.c.o
 *fill*         0x0002e62e        0x2 
 .rodata.nrf_log_std_entry_process.str1.4
                0x0002e630        0x3 _build/nrf52832_xxaa/nrf_log_str_formatter.c.o
 *fill*         0x0002e633        0x1 
 .rodata.nrf_log_hexdump_entry_process.str1.4
                0x0002e634       0x13 _build/nrf52832_xxaa/nrf_log_str_formatter.c.o
                                 0x16 (size before relaxing)
 *fill*         0x0002e647        0x1 
 .rodata.str1.4
                0x0002e648       0x56 _build/nrf52832_xxaa/nrf_log_str_formatter.c.o
 *fill*         0x0002e69e        0x2 
 .rodata.m_colors
                0x0002e6a0       0x24 _build/nrf52832_xxaa/nrf_log_str_formatter.c.o
 .rodata.severity_names
                0x0002e6c4       0x14 _build/nrf52832_xxaa/nrf_log_str_formatter.c.o
 .rodata.str1.4
                0x0002e6d8        0xb _build/nrf52832_xxaa/app_button.c.o
 *fill*         0x0002e6e3        0x1 
 .rodata.m_detection_delay_timer_id
                0x0002e6e4        0x4 _build/nrf52832_xxaa/app_button.c.o
 .rodata.app_error_fault_handler.str1.4
                0x0002e6e8       0x19 _build/nrf52832_xxaa/app_error_weak.c.o
 *fill*         0x0002e701        0x3 
 .rodata.str1.4
                0x0002e704        0xa _build/nrf52832_xxaa/app_timer2.c.o
 *fill*         0x0002e70e        0x2 
 .rodata        0x0002e710        0x4 _build/nrf52832_xxaa/app_timer2.c.o
 .rodata.m_app_timer_sortlist
                0x0002e714        0xc _build/nrf52832_xxaa/app_timer2.c.o
 .rodata        0x0002e720       0x20 _build/nrf52832_xxaa/app_uart_fifo.c.o
 .rodata.drv_rtc_init.str1.4
                0x0002e740       0x36 _build/nrf52832_xxaa/drv_rtc.c.o
 *fill*         0x0002e776        0xa 
 .rodata.delay_machine_code.8550
                0x0002e780        0x6 _build/nrf52832_xxaa/drv_rtc.c.o
 *fill*         0x0002e786        0x2 
 .rodata._aV2C.7647
                0x0002e788       0x10 _build/nrf52832_xxaa/nrf_fprintf_format.c.o
 .rodata.str1.4
                0x0002e798        0x9 _build/nrf52832_xxaa/nrf_pwr_mgmt.c.o
 *fill*         0x0002e7a1        0x3 
 .rodata.pwr_mgmt_data
                0x0002e7a4        0xc _build/nrf52832_xxaa/nrf_pwr_mgmt.c.o
 .rodata.str1.4
                0x0002e7b0        0x9 _build/nrf52832_xxaa/nrf_sortlist.c.o
 *fill*         0x0002e7b9        0x3 
 .rodata.str1.4
                0x0002e7bc      0x3e9 _build/nrf52832_xxaa/nrf_strerror.c.o
 *fill*         0x0002eba5        0x3 
 .rodata.m_unknown_str
                0x0002eba8       0x13 _build/nrf52832_xxaa/nrf_strerror.c.o
 *fill*         0x0002ebbb        0x1 
 .rodata.nrf_strerror_array
                0x0002ebbc      0x128 _build/nrf52832_xxaa/nrf_strerror.c.o
 .rodata.CSWTCH.15
                0x0002ece4        0x4 _build/nrf52832_xxaa/system_nrf52.c.o
 .rodata.CSWTCH.19
                0x0002ece8        0x4 _build/nrf52832_xxaa/system_nrf52.c.o
 .rodata.CSWTCH.5
                0x0002ecec        0x4 _build/nrf52832_xxaa/system_nrf52.c.o
 .rodata.m_board_btn_list
                0x0002ecf0        0x4 _build/nrf52832_xxaa/boards.c.o
 .rodata.m_board_led_list
                0x0002ecf4        0x4 _build/nrf52832_xxaa/boards.c.o
 .rodata.str1.4
                0x0002ecf8        0x6 _build/nrf52832_xxaa/nrf_drv_clock.c.o
 *fill*         0x0002ecfe        0x2 
 .rodata.str1.4
                0x0002ed00        0x6 _build/nrf52832_xxaa/nrfx_clock.c.o
 *fill*         0x0002ed06        0x2 
 .rodata.str1.4
                0x0002ed08        0x7 _build/nrf52832_xxaa/nrfx_gpiote.c.o
 *fill*         0x0002ed0f        0x1 
 .rodata.str1.4
                0x0002ed10        0x4 _build/nrf52832_xxaa/nrfx_prs.c.o
 .rodata.str1.4
                0x0002ed14        0x5 _build/nrf52832_xxaa/nrfx_uart.c.o
 *fill*         0x0002ed19        0x3 
 .rodata.str1.4
                0x0002ed1c        0x6 _build/nrf52832_xxaa/nrfx_uarte.c.o
 *fill*         0x0002ed22        0x2 
 .rodata.app_buttons
                0x0002ed24       0x20 _build/nrf52832_xxaa/bsp.c.o
 .rodata.m_bsp_alert_tmr
                0x0002ed44        0x4 _build/nrf52832_xxaa/bsp.c.o
 .rodata.m_bsp_button_tmr
                0x0002ed48        0x4 _build/nrf52832_xxaa/bsp.c.o
 .rodata.m_bsp_leds_tmr
                0x0002ed4c        0x4 _build/nrf52832_xxaa/bsp.c.o
 .rodata.ble_evt_handler.str1.4
                0x0002ed50       0x19 _build/nrf52832_xxaa/main.c.o
 *fill*         0x0002ed69        0x3 
 .rodata.gatt_evt_handler.str1.4
                0x0002ed6c       0x1c _build/nrf52832_xxaa/main.c.o
 .rodata.nus_data_handler.str1.4
                0x0002ed88       0x2b _build/nrf52832_xxaa/main.c.o
 *fill*         0x0002edb3        0x1 
 .rodata.main.str1.4
                0x0002edb4       0x49 _build/nrf52832_xxaa/main.c.o
 *fill*         0x0002edfd        0x3 
 .rodata        0x0002ee00       0x18 _build/nrf52832_xxaa/main.c.o
 .rodata.SEGGER_RTT_ReadNoLock.str1.4
                0x0002ee18       0x17 _build/nrf52832_xxaa/SEGGER_RTT.c.o
 *fill*         0x0002ee2f        0x1 
 .rodata.data_length_update.constprop.0.str1.4
                0x0002ee30       0xe2 _build/nrf52832_xxaa/nrf_ble_gatt.c.o
 *fill*         0x0002ef12        0x2 
 .rodata.nrf_ble_gatt_on_ble_evt.str1.4
                0x0002ef14       0x63 _build/nrf52832_xxaa/nrf_ble_gatt.c.o
 *fill*         0x0002ef77        0x1 
 .rodata.str1.4
                0x0002ef78        0xd _build/nrf52832_xxaa/nrf_ble_gatt.c.o
 *fill*         0x0002ef85        0x3 
 .rodata.str1.4
                0x0002ef88        0x8 _build/nrf52832_xxaa/ble_nus.c.o
 .rodata        0x0002ef90       0x10 _build/nrf52832_xxaa/ble_nus.c.o
 .rodata.str1.4
                0x0002efa0        0x8 _build/nrf52832_xxaa/nrf_sdh.c.o
 .rodata        0x0002efa8        0x4 _build/nrf52832_xxaa/nrf_sdh.c.o
 .rodata.sdh_req_observers
                0x0002efac        0xc _build/nrf52832_xxaa/nrf_sdh.c.o
 .rodata.sdh_stack_observers
                0x0002efb8        0xc _build/nrf52832_xxaa/nrf_sdh.c.o
 .rodata.sdh_state_observers
                0x0002efc4        0xc _build/nrf52832_xxaa/nrf_sdh.c.o
 .rodata.nrf_sdh_ble_default_cfg_set.str1.4
                0x0002efd0      0x1cf _build/nrf52832_xxaa/nrf_sdh_ble.c.o
 *fill*         0x0002f19f        0x1 
 .rodata.nrf_sdh_ble_enable.str1.4
                0x0002f1a0       0xad _build/nrf52832_xxaa/nrf_sdh_ble.c.o
 *fill*         0x0002f24d        0x3 
 .rodata.str1.4
                0x0002f250        0xc _build/nrf52832_xxaa/nrf_sdh_ble.c.o
 .rodata.sdh_ble_observers
                0x0002f25c        0xc _build/nrf52832_xxaa/nrf_sdh_ble.c.o
 .rodata.str1.4
                0x0002f268        0xc _build/nrf52832_xxaa/nrf_sdh_soc.c.o
 .rodata.sdh_soc_observers
                0x0002f274        0xc _build/nrf52832_xxaa/nrf_sdh_soc.c.o
 .rodata._ctype_
                0x0002f280      0x101 c:/gnu_arm_gcc/9 2019-q4-major/bin/../lib/gcc/arm-none-eabi/9.2.1/../../../../arm-none-eabi/lib/thumb/v7e-m+fp/hard\libc_nano.a(lib_a-ctype_.o)
                0x0002f280                _ctype_
 *fill*         0x0002f381        0x3 
 .rodata._global_impure_ptr
                0x0002f384        0x4 c:/gnu_arm_gcc/9 2019-q4-major/bin/../lib/gcc/arm-none-eabi/9.2.1/../../../../arm-none-eabi/lib/thumb/v7e-m+fp/hard\libc_nano.a(lib_a-impure.o)
                0x0002f384                _global_impure_ptr
 .rodata.__sf_fake_stderr
                0x0002f388       0x20 c:/gnu_arm_gcc/9 2019-q4-major/bin/../lib/gcc/arm-none-eabi/9.2.1/../../../../arm-none-eabi/lib/thumb/v7e-m+fp/hard\libc_nano.a(lib_a-findfp.o)
                0x0002f388                __sf_fake_stderr
 .rodata.__sf_fake_stdin
                0x0002f3a8       0x20 c:/gnu_arm_gcc/9 2019-q4-major/bin/../lib/gcc/arm-none-eabi/9.2.1/../../../../arm-none-eabi/lib/thumb/v7e-m+fp/hard\libc_nano.a(lib_a-findfp.o)
                0x0002f3a8                __sf_fake_stdin
 .rodata.__sf_fake_stdout
                0x0002f3c8       0x20 c:/gnu_arm_gcc/9 2019-q4-major/bin/../lib/gcc/arm-none-eabi/9.2.1/../../../../arm-none-eabi/lib/thumb/v7e-m+fp/hard\libc_nano.a(lib_a-findfp.o)
                0x0002f3c8                __sf_fake_stdout
 .rodata._vfprintf_r.str1.1
                0x0002f3e8       0x11 c:/gnu_arm_gcc/9 2019-q4-major/bin/../lib/gcc/arm-none-eabi/9.2.1/../../../../arm-none-eabi/lib/thumb/v7e-m+fp/hard\libc_nano.a(lib_a-nano-vfprintf.o)
 .rodata._printf_i.str1.1
                0x0002f3f9       0x22 c:/gnu_arm_gcc/9 2019-q4-major/bin/../lib/gcc/arm-none-eabi/9.2.1/../../../../arm-none-eabi/lib/thumb/v7e-m+fp/hard\libc_nano.a(lib_a-nano-vfprintf_i.o)
 *(.eh_frame*)
 *fill*         0x0002f41b        0x1 
 .eh_frame      0x0002f41c        0x0 c:/gnu_arm_gcc/9 2019-q4-major/bin/../lib/gcc/arm-none-eabi/9.2.1/thumb/v7e-m+fp/hard/crtbegin.o
 .eh_frame      0x0002f41c        0x4 c:/gnu_arm_gcc/9 2019-q4-major/bin/../lib/gcc/arm-none-eabi/9.2.1/thumb/v7e-m+fp/hard/crtend.o

.glue_7         0x0002f420        0x0
 .glue_7        0x0002f420        0x0 linker stubs

.glue_7t        0x0002f420        0x0
 .glue_7t       0x0002f420        0x0 linker stubs

.vfp11_veneer   0x0002f420        0x0
 .vfp11_veneer  0x0002f420        0x0 linker stubs

.v4_bx          0x0002f420        0x0
 .v4_bx         0x0002f420        0x0 linker stubs

.iplt           0x0002f420        0x0
 .iplt          0x0002f420        0x0 c:/gnu_arm_gcc/9 2019-q4-major/bin/../lib/gcc/arm-none-eabi/9.2.1/thumb/v7e-m+fp/hard/crtbegin.o

.mem_section_dummy_rom

.sdh_soc_observers
                0x0002f420        0x8
                0x0002f420                PROVIDE (__start_sdh_soc_observers = .)
 *(SORT_BY_NAME(.sdh_soc_observers*))
 .sdh_soc_observers0
                0x0002f420        0x8 _build/nrf52832_xxaa/nrf_drv_clock.c.o
                0x0002f428                PROVIDE (__stop_sdh_soc_observers = .)

.sdh_ble_observers
                0x0002f428       0x40
                0x0002f428                PROVIDE (__start_sdh_ble_observers = .)
 *(SORT_BY_NAME(.sdh_ble_observers*))
 .sdh_ble_observers0
                0x0002f428        0x8 _build/nrf52832_xxaa/ble_conn_state.c.o
 .sdh_ble_observers1
                0x0002f430        0x8 _build/nrf52832_xxaa/bsp_btn_ble.c.o
 .sdh_ble_observers1
                0x0002f438       0x10 _build/nrf52832_xxaa/main.c.o
 .sdh_ble_observers1
                0x0002f448        0x8 _build/nrf52832_xxaa/ble_conn_params.c.o
 .sdh_ble_observers2
                0x0002f450       0x10 _build/nrf52832_xxaa/main.c.o
 .sdh_ble_observers3
                0x0002f460        0x8 _build/nrf52832_xxaa/main.c.o
                0x0002f468                PROVIDE (__stop_sdh_ble_observers = .)

.pwr_mgmt_data  0x0002f468        0x0
                0x0002f468                PROVIDE (__start_pwr_mgmt_data = .)
 *(SORT_BY_NAME(.pwr_mgmt_data*))
                0x0002f468                PROVIDE (__stop_pwr_mgmt_data = .)

.sdh_req_observers
                0x0002f468        0x0
                0x0002f468                PROVIDE (__start_sdh_req_observers = .)
 *(SORT_BY_NAME(.sdh_req_observers*))
                0x0002f468                PROVIDE (__stop_sdh_req_observers = .)

.sdh_state_observers
                0x0002f468        0x8
                0x0002f468                PROVIDE (__start_sdh_state_observers = .)
 *(SORT_BY_NAME(.sdh_state_observers*))
 .sdh_state_observers0
                0x0002f468        0x8 _build/nrf52832_xxaa/nrf_drv_clock.c.o
                0x0002f470                PROVIDE (__stop_sdh_state_observers = .)

.sdh_stack_observers
                0x0002f470       0x10
                0x0002f470                PROVIDE (__start_sdh_stack_observers = .)
 *(SORT_BY_NAME(.sdh_stack_observers*))
 .sdh_stack_observers0
                0x0002f470        0x8 _build/nrf52832_xxaa/nrf_sdh_ble.c.o
 .sdh_stack_observers0
                0x0002f478        0x8 _build/nrf52832_xxaa/nrf_sdh_soc.c.o
                0x0002f480                PROVIDE (__stop_sdh_stack_observers = .)

.nrf_queue      0x0002f480        0x0
                [!provide]                PROVIDE (__start_nrf_queue = .)
 *(.nrf_queue)
                [!provide]                PROVIDE (__stop_nrf_queue = .)

.nrf_balloc     0x0002f480       0x14
                [!provide]                PROVIDE (__start_nrf_balloc = .)
 *(.nrf_balloc)
 .nrf_balloc    0x0002f480       0x14 _build/nrf52832_xxaa/nrf_log_frontend.c.o
                0x0002f480                log_mempool
                [!provide]                PROVIDE (__stop_nrf_balloc = .)

.cli_command    0x0002f494        0x0
                [!provide]                PROVIDE (__start_cli_command = .)
 *(.cli_command)
                [!provide]                PROVIDE (__stop_cli_command = .)

.crypto_data    0x0002f494        0x0
                [!provide]                PROVIDE (__start_crypto_data = .)
 *(SORT_BY_NAME(.crypto_data*))
                [!provide]                PROVIDE (__stop_crypto_data = .)

.log_const_data
                0x0002f494       0x80
                0x0002f494                PROVIDE (__start_log_const_data = .)
 *(SORT_BY_NAME(.log_const_data*))
 .log_const_data_CLOCK
                0x0002f494        0x8 _build/nrf52832_xxaa/nrfx_clock.c.o
                0x0002f494                m_nrf_log_CLOCK_logs_data_const
 .log_const_data_GPIOTE
                0x0002f49c        0x8 _build/nrf52832_xxaa/nrfx_gpiote.c.o
                0x0002f49c                m_nrf_log_GPIOTE_logs_data_const
 .log_const_data_PRS
                0x0002f4a4        0x8 _build/nrf52832_xxaa/nrfx_prs.c.o
                0x0002f4a4                m_nrf_log_PRS_logs_data_const
 .log_const_data_UART
                0x0002f4ac        0x8 _build/nrf52832_xxaa/nrfx_uart.c.o
                0x0002f4ac                m_nrf_log_UART_logs_data_const
 .log_const_data_UARTE
                0x0002f4b4        0x8 _build/nrf52832_xxaa/nrfx_uarte.c.o
                0x0002f4b4                m_nrf_log_UARTE_logs_data_const
 .log_const_data_app
                0x0002f4bc        0x8 _build/nrf52832_xxaa/nrf_log_frontend.c.o
                0x0002f4bc                m_nrf_log_app_logs_data_const
 .log_const_data_app_button
                0x0002f4c4        0x8 _build/nrf52832_xxaa/app_button.c.o
                0x0002f4c4                m_nrf_log_app_button_logs_data_const
 .log_const_data_app_timer
                0x0002f4cc        0x8 _build/nrf52832_xxaa/app_timer2.c.o
                0x0002f4cc                m_nrf_log_app_timer_logs_data_const
 .log_const_data_ble_nus
                0x0002f4d4        0x8 _build/nrf52832_xxaa/ble_nus.c.o
                0x0002f4d4                m_nrf_log_ble_nus_logs_data_const
 .log_const_data_clock
                0x0002f4dc        0x8 _build/nrf52832_xxaa/nrf_drv_clock.c.o
                0x0002f4dc                m_nrf_log_clock_logs_data_const
 .log_const_data_nrf_ble_gatt
                0x0002f4e4        0x8 _build/nrf52832_xxaa/nrf_ble_gatt.c.o
                0x0002f4e4                m_nrf_log_nrf_ble_gatt_logs_data_const
 .log_const_data_nrf_sdh
                0x0002f4ec        0x8 _build/nrf52832_xxaa/nrf_sdh.c.o
                0x0002f4ec                m_nrf_log_nrf_sdh_logs_data_const
 .log_const_data_nrf_sdh_ble
                0x0002f4f4        0x8 _build/nrf52832_xxaa/nrf_sdh_ble.c.o
                0x0002f4f4                m_nrf_log_nrf_sdh_ble_logs_data_const
 .log_const_data_nrf_sdh_soc
                0x0002f4fc        0x8 _build/nrf52832_xxaa/nrf_sdh_soc.c.o
                0x0002f4fc                m_nrf_log_nrf_sdh_soc_logs_data_const
 .log_const_data_pwr_mgmt
                0x0002f504        0x8 _build/nrf52832_xxaa/nrf_pwr_mgmt.c.o
                0x0002f504                m_nrf_log_pwr_mgmt_logs_data_const
 .log_const_data_sortlist
                0x0002f50c        0x8 _build/nrf52832_xxaa/nrf_sortlist.c.o
                0x0002f50c                m_nrf_log_sortlist_logs_data_const
                0x0002f514                PROVIDE (__stop_log_const_data = .)

.log_backends   0x0002f514       0x10
                [!provide]                PROVIDE (__start_log_backends = .)
 *(SORT_BY_NAME(.log_backends*))
 .log_backends  0x0002f514       0x10 _build/nrf52832_xxaa/nrf_log_default_backends.c.o
                [!provide]                PROVIDE (__stop_log_backends = .)

.ARM.extab
 *(.ARM.extab* .gnu.linkonce.armextab.*)
                0x0002f524                __exidx_start = .

.ARM.exidx      0x0002f524        0x8
 *(.ARM.exidx* .gnu.linkonce.armexidx.*)
 .ARM.exidx     0x0002f524        0x8 c:/gnu_arm_gcc/9 2019-q4-major/bin/../lib/gcc/arm-none-eabi/9.2.1/../../../../arm-none-eabi/lib/thumb/v7e-m+fp/hard/crt0.o
 .ARM.exidx     0x0002f52c        0x0 c:/gnu_arm_gcc/9 2019-q4-major/bin/../lib/gcc/arm-none-eabi/9.2.1/thumb/v7e-m+fp/hard\libgcc.a(_udivmoddi4.o)
                                  0x8 (size before relaxing)
                0x0002f52c                __exidx_end = .

.rel.dyn        0x0002f52c        0x0
 .rel.iplt      0x0002f52c        0x0 c:/gnu_arm_gcc/9 2019-q4-major/bin/../lib/gcc/arm-none-eabi/9.2.1/thumb/v7e-m+fp/hard/crtbegin.o
                0x0002f52c                . = ALIGN (0x4)
                0x0002f52c                __etext = .

.data           0x20002ad8       0xc0 load address 0x0002f52c
                0x20002ad8                __data_start__ = .
 *(vtable)
 *(.data*)
 .data.log_backend_cb_rtt_log_backend
                0x20002ad8        0x8 _build/nrf52832_xxaa/nrf_log_default_backends.c.o
 .data.m_rtc_inst
                0x20002ae0        0x8 _build/nrf52832_xxaa/app_timer2.c.o
 .data.app_uart_inst
                0x20002ae8       0x14 _build/nrf52832_xxaa/app_uart_fifo.c.o
 .data.SystemCoreClock
                0x20002afc        0x4 _build/nrf52832_xxaa/system_nrf52.c.o
                0x20002afc                SystemCoreClock
 .data.m_adv_uuids
                0x20002b00        0x4 _build/nrf52832_xxaa/main.c.o
 .data.m_ble_nus_max_data_len
                0x20002b04        0x2 _build/nrf52832_xxaa/main.c.o
 .data.m_conn_handle
                0x20002b06        0x2 _build/nrf52832_xxaa/main.c.o
 .data.m_nus    0x20002b08       0x1c _build/nrf52832_xxaa/main.c.o
 .data.m_nus_link_ctx_storage
                0x20002b24        0x8 _build/nrf52832_xxaa/main.c.o
 .data._impure_ptr
                0x20002b2c        0x4 c:/gnu_arm_gcc/9 2019-q4-major/bin/../lib/gcc/arm-none-eabi/9.2.1/../../../../arm-none-eabi/lib/thumb/v7e-m+fp/hard\libc_nano.a(lib_a-impure.o)
                0x20002b2c                _impure_ptr
 .data.impure_data
                0x20002b30       0x60 c:/gnu_arm_gcc/9 2019-q4-major/bin/../lib/gcc/arm-none-eabi/9.2.1/../../../../arm-none-eabi/lib/thumb/v7e-m+fp/hard\libc_nano.a(lib_a-impure.o)
                0x20002b90                . = ALIGN (0x4)
                0x20002b90                PROVIDE (__preinit_array_start = .)
 *(.preinit_array)
                0x20002b90                PROVIDE (__preinit_array_end = .)
                0x20002b90                . = ALIGN (0x4)
                0x20002b90                PROVIDE (__init_array_start = .)
 *(SORT_BY_NAME(.init_array.*))
 *(.init_array)
 .init_array    0x20002b90        0x4 c:/gnu_arm_gcc/9 2019-q4-major/bin/../lib/gcc/arm-none-eabi/9.2.1/thumb/v7e-m+fp/hard/crtbegin.o
                0x20002b94                PROVIDE (__init_array_end = .)
                0x20002b94                . = ALIGN (0x4)
                [!provide]                PROVIDE (__fini_array_start = .)
 *(SORT_BY_NAME(.fini_array.*))
 *(.fini_array)
 .fini_array    0x20002b94        0x4 c:/gnu_arm_gcc/9 2019-q4-major/bin/../lib/gcc/arm-none-eabi/9.2.1/thumb/v7e-m+fp/hard/crtbegin.o
                [!provide]                PROVIDE (__fini_array_end = .)
 *(.jcr*)
                0x20002b98                . = ALIGN (0x4)
                0x20002b98                __data_end__ = .
LOAD c:/gnu_arm_gcc/9 2019-q4-major/bin/../lib/gcc/arm-none-eabi/9.2.1/thumb/v7e-m+fp/hard/crti.o
LOAD c:/gnu_arm_gcc/9 2019-q4-major/bin/../lib/gcc/arm-none-eabi/9.2.1/thumb/v7e-m+fp/hard/crtbegin.o
LOAD c:/gnu_arm_gcc/9 2019-q4-major/bin/../lib/gcc/arm-none-eabi/9.2.1/../../../../arm-none-eabi/lib/thumb/v7e-m+fp/hard/crt0.o
LOAD _build/nrf52832_xxaa/gcc_startup_nrf52.S.o
LOAD _build/nrf52832_xxaa/nrf_log_backend_rtt.c.o
LOAD _build/nrf52832_xxaa/nrf_log_backend_serial.c.o
LOAD _build/nrf52832_xxaa/nrf_log_default_backends.c.o
LOAD _build/nrf52832_xxaa/nrf_log_frontend.c.o
LOAD _build/nrf52832_xxaa/nrf_log_str_formatter.c.o
LOAD _build/nrf52832_xxaa/app_button.c.o
LOAD _build/nrf52832_xxaa/app_error.c.o
LOAD _build/nrf52832_xxaa/app_error_handler_gcc.c.o
LOAD _build/nrf52832_xxaa/app_error_weak.c.o
LOAD _build/nrf52832_xxaa/app_fifo.c.o
LOAD _build/nrf52832_xxaa/app_scheduler.c.o
LOAD _build/nrf52832_xxaa/app_timer2.c.o
LOAD _build/nrf52832_xxaa/app_uart_fifo.c.o
LOAD _build/nrf52832_xxaa/app_util_platform.c.o
LOAD _build/nrf52832_xxaa/drv_rtc.c.o
LOAD _build/nrf52832_xxaa/hardfault_implementation.c.o
LOAD _build/nrf52832_xxaa/nrf_assert.c.o
LOAD _build/nrf52832_xxaa/nrf_atfifo.c.o
LOAD _build/nrf52832_xxaa/nrf_atflags.c.o
LOAD _build/nrf52832_xxaa/nrf_atomic.c.o
LOAD _build/nrf52832_xxaa/nrf_balloc.c.o
LOAD _build/nrf52832_xxaa/nrf_fprintf.c.o
LOAD _build/nrf52832_xxaa/nrf_fprintf_format.c.o
LOAD _build/nrf52832_xxaa/nrf_memobj.c.o
LOAD _build/nrf52832_xxaa/nrf_pwr_mgmt.c.o
LOAD _build/nrf52832_xxaa/nrf_ringbuf.c.o
LOAD _build/nrf52832_xxaa/nrf_section_iter.c.o
LOAD _build/nrf52832_xxaa/nrf_sortlist.c.o
LOAD _build/nrf52832_xxaa/nrf_strerror.c.o
LOAD _build/nrf52832_xxaa/retarget.c.o
LOAD _build/nrf52832_xxaa/system_nrf52.c.o
LOAD _build/nrf52832_xxaa/boards.c.o
LOAD _build/nrf52832_xxaa/nrf_drv_clock.c.o
LOAD _build/nrf52832_xxaa/nrf_drv_uart.c.o
LOAD _build/nrf52832_xxaa/nrfx_atomic.c.o
LOAD _build/nrf52832_xxaa/nrfx_clock.c.o
LOAD _build/nrf52832_xxaa/nrfx_gpiote.c.o
LOAD _build/nrf52832_xxaa/nrfx_prs.c.o
LOAD _build/nrf52832_xxaa/nrfx_uart.c.o
LOAD _build/nrf52832_xxaa/nrfx_uarte.c.o
LOAD _build/nrf52832_xxaa/bsp.c.o
LOAD _build/nrf52832_xxaa/bsp_btn_ble.c.o
LOAD _build/nrf52832_xxaa/main.c.o
LOAD _build/nrf52832_xxaa/SEGGER_RTT.c.o
LOAD _build/nrf52832_xxaa/SEGGER_RTT_Syscalls_GCC.c.o
LOAD _build/nrf52832_xxaa/SEGGER_RTT_printf.c.o
LOAD _build/nrf52832_xxaa/ble_advdata.c.o
LOAD _build/nrf52832_xxaa/ble_advertising.c.o
LOAD _build/nrf52832_xxaa/ble_conn_params.c.o
LOAD _build/nrf52832_xxaa/ble_conn_state.c.o
LOAD _build/nrf52832_xxaa/ble_link_ctx_manager.c.o
LOAD _build/nrf52832_xxaa/ble_srv_common.c.o
LOAD _build/nrf52832_xxaa/nrf_ble_gatt.c.o
LOAD _build/nrf52832_xxaa/nrf_ble_qwr.c.o
LOAD _build/nrf52832_xxaa/utf.c.o
LOAD _build/nrf52832_xxaa/ble_nus.c.o
LOAD _build/nrf52832_xxaa/nrf_sdh.c.o
LOAD _build/nrf52832_xxaa/nrf_sdh_ble.c.o
LOAD _build/nrf52832_xxaa/nrf_sdh_soc.c.o
LOAD c:/gnu_arm_gcc/9 2019-q4-major/bin/../lib/gcc/arm-none-eabi/9.2.1/../../../../arm-none-eabi/lib/thumb/v7e-m+fp/hard\libc_nano.a
LOAD c:/gnu_arm_gcc/9 2019-q4-major/bin/../lib/gcc/arm-none-eabi/9.2.1/../../../../arm-none-eabi/lib/thumb/v7e-m+fp/hard\libnosys.a
LOAD c:/gnu_arm_gcc/9 2019-q4-major/bin/../lib/gcc/arm-none-eabi/9.2.1/../../../../arm-none-eabi/lib/thumb/v7e-m+fp/hard\libm.a
START GROUP
LOAD c:/gnu_arm_gcc/9 2019-q4-major/bin/../lib/gcc/arm-none-eabi/9.2.1/thumb/v7e-m+fp/hard\libgcc.a
LOAD c:/gnu_arm_gcc/9 2019-q4-major/bin/../lib/gcc/arm-none-eabi/9.2.1/../../../../arm-none-eabi/lib/thumb/v7e-m+fp/hard\libg_nano.a
LOAD c:/gnu_arm_gcc/9 2019-q4-major/bin/../lib/gcc/arm-none-eabi/9.2.1/../../../../arm-none-eabi/lib/thumb/v7e-m+fp/hard\libc_nano.a
END GROUP
START GROUP
LOAD c:/gnu_arm_gcc/9 2019-q4-major/bin/../lib/gcc/arm-none-eabi/9.2.1/thumb/v7e-m+fp/hard\libgcc.a
LOAD c:/gnu_arm_gcc/9 2019-q4-major/bin/../lib/gcc/arm-none-eabi/9.2.1/../../../../arm-none-eabi/lib/thumb/v7e-m+fp/hard\libc_nano.a
END GROUP
LOAD c:/gnu_arm_gcc/9 2019-q4-major/bin/../lib/gcc/arm-none-eabi/9.2.1/thumb/v7e-m+fp/hard/crtend.o
LOAD c:/gnu_arm_gcc/9 2019-q4-major/bin/../lib/gcc/arm-none-eabi/9.2.1/thumb/v7e-m+fp/hard/crtn.o
START GROUP
LOAD c:/gnu_arm_gcc/9 2019-q4-major/bin/../lib/gcc/arm-none-eabi/9.2.1/thumb/v7e-m+fp/hard\libgcc.a
LOAD c:/gnu_arm_gcc/9 2019-q4-major/bin/../lib/gcc/arm-none-eabi/9.2.1/../../../../arm-none-eabi/lib/thumb/v7e-m+fp/hard\libc.a
LOAD c:/gnu_arm_gcc/9 2019-q4-major/bin/../lib/gcc/arm-none-eabi/9.2.1/../../../../arm-none-eabi/lib/thumb/v7e-m+fp/hard\libnosys.a
END GROUP

.igot.plt       0x20002b98        0x0 load address 0x0002f5ec
 .igot.plt      0x20002b98        0x0 c:/gnu_arm_gcc/9 2019-q4-major/bin/../lib/gcc/arm-none-eabi/9.2.1/thumb/v7e-m+fp/hard/crtbegin.o
                0x20002b98                . = ALIGN (0x4)

.mem_section_dummy_ram

.cli_sorted_cmd_ptrs
                0x20002b98        0x0
                [!provide]                PROVIDE (__start_cli_sorted_cmd_ptrs = .)
 *(.cli_sorted_cmd_ptrs)
                [!provide]                PROVIDE (__stop_cli_sorted_cmd_ptrs = .)

.fs_data        0x20002b98        0x0
                [!provide]                PROVIDE (__start_fs_data = .)
 *(.fs_data)
                [!provide]                PROVIDE (__stop_fs_data = .)

.log_dynamic_data
                0x20002b98        0x0
                0x20002b98                PROVIDE (__start_log_dynamic_data = .)
 *(SORT_BY_NAME(.log_dynamic_data*))
                [!provide]                PROVIDE (__stop_log_dynamic_data = .)

.log_filter_data
                0x20002b98        0x0
                [!provide]                PROVIDE (__start_log_filter_data = .)
 *(SORT_BY_NAME(.log_filter_data*))
                [!provide]                PROVIDE (__stop_log_filter_data = .)

.bss            0x20002b98     0x134c load address 0x0002f5f0
                0x20002b98                . = ALIGN (0x4)
                0x20002b98                __bss_start__ = .
 *(.bss*)
 .bss           0x20002b98       0x1c c:/gnu_arm_gcc/9 2019-q4-major/bin/../lib/gcc/arm-none-eabi/9.2.1/thumb/v7e-m+fp/hard/crtbegin.o
 .bss.m_host_present
                0x20002bb4        0x1 _build/nrf52832_xxaa/nrf_log_backend_rtt.c.o
 *fill*         0x20002bb5        0x3 
 .bss.m_string_buff
                0x20002bb8       0x40 _build/nrf52832_xxaa/nrf_log_backend_rtt.c.o
 .bss.log_mempool_nrf_balloc_cb
                0x20002bf8        0x8 _build/nrf52832_xxaa/nrf_log_frontend.c.o
 .bss.log_mempool_nrf_balloc_pool_mem
                0x20002c00       0xc0 _build/nrf52832_xxaa/nrf_log_frontend.c.o
 .bss.log_mempool_nrf_balloc_pool_stack
                0x20002cc0        0x8 _build/nrf52832_xxaa/nrf_log_frontend.c.o
 .bss.m_log_data
                0x20002cc8      0x420 _build/nrf52832_xxaa/nrf_log_frontend.c.o
 .bss.m_log_push_ringbuf_buf
                0x200030e8       0x80 _build/nrf52832_xxaa/nrf_log_frontend.c.o
 .bss.m_log_push_ringbuf_cb
                0x20003168       0x18 _build/nrf52832_xxaa/nrf_log_frontend.c.o
 .bss.m_button_count
                0x20003180        0x1 _build/nrf52832_xxaa/app_button.c.o
 *fill*         0x20003181        0x3 
 .bss.m_detection_delay
                0x20003184        0x4 _build/nrf52832_xxaa/app_button.c.o
 .bss.m_detection_delay_timer_id_data
                0x20003188       0x20 _build/nrf52832_xxaa/app_button.c.o
 .bss.m_pin_active
                0x200031a8        0x8 _build/nrf52832_xxaa/app_button.c.o
 .bss.m_pin_states
                0x200031b0       0x10 _build/nrf52832_xxaa/app_button.c.o
 .bss.mp_buttons
                0x200031c0        0x4 _build/nrf52832_xxaa/app_button.c.o
 .bss.m_app_timer_sortlist_sortlist_cb
                0x200031c4        0x4 _build/nrf52832_xxaa/app_timer2.c.o
 .bss.m_base_counter
                0x200031c8        0x8 _build/nrf52832_xxaa/app_timer2.c.o
 .bss.m_global_active
                0x200031d0        0x1 _build/nrf52832_xxaa/app_timer2.c.o
 *fill*         0x200031d1        0x3 
 .bss.m_req_fifo_data
                0x200031d4       0x58 _build/nrf52832_xxaa/app_timer2.c.o
 .bss.m_req_fifo_inst
                0x2000322c       0x10 _build/nrf52832_xxaa/app_timer2.c.o
 *fill*         0x2000323c        0x4 
 .bss.m_stamp64
                0x20003240        0x8 _build/nrf52832_xxaa/app_timer2.c.o
 .bss.mp_active_timer
                0x20003248        0x4 _build/nrf52832_xxaa/app_timer2.c.o
 .bss.m_event_handler
                0x2000324c        0x4 _build/nrf52832_xxaa/app_uart_fifo.c.o
 .bss.m_rx_fifo
                0x20003250       0x10 _build/nrf52832_xxaa/app_uart_fifo.c.o
 .bss.m_rx_ovf  0x20003260        0x1 _build/nrf52832_xxaa/app_uart_fifo.c.o
 *fill*         0x20003261        0x3 
 .bss.m_tx_fifo
                0x20003264       0x10 _build/nrf52832_xxaa/app_uart_fifo.c.o
 .bss.rx_buffer
                0x20003274        0x1 _build/nrf52832_xxaa/app_uart_fifo.c.o
 *fill*         0x20003275        0x3 
 .bss.tx_buffer
                0x20003278        0x1 _build/nrf52832_xxaa/app_uart_fifo.c.o
 *fill*         0x20003279        0x3 
 .bss.m_cb      0x2000327c        0x8 _build/nrf52832_xxaa/drv_rtc.c.o
 .bss.m_handlers
                0x20003284        0x4 _build/nrf52832_xxaa/drv_rtc.c.o
 .bss.m_handlers_iter
                0x20003288        0x8 _build/nrf52832_xxaa/nrf_pwr_mgmt.c.o
 .bss.m_shutdown_started
                0x20003290        0x1 _build/nrf52832_xxaa/nrf_pwr_mgmt.c.o
 *fill*         0x20003291        0x3 
 .bss.m_sysoff_mtx
                0x20003294        0x4 _build/nrf52832_xxaa/nrf_pwr_mgmt.c.o
 .bss.m_clock_cb
                0x20003298       0x14 _build/nrf52832_xxaa/nrf_drv_clock.c.o
 .bss.m_contexts
                0x200032ac        0x4 _build/nrf52832_xxaa/nrf_drv_uart.c.o
 .bss.m_handlers
                0x200032b0        0x4 _build/nrf52832_xxaa/nrf_drv_uart.c.o
 .bss.m_clock_cb
                0x200032b4        0x8 _build/nrf52832_xxaa/nrfx_clock.c.o
 *fill*         0x200032bc        0x4 
 .bss.m_cb      0x200032c0       0x5c _build/nrf52832_xxaa/nrfx_gpiote.c.o
 .bss.m_prs_box_4
                0x2000331c        0x8 _build/nrf52832_xxaa/nrfx_prs.c.o
 *fill*         0x20003324        0x4 
 .bss.m_cb      0x20003328       0x2c _build/nrf52832_xxaa/nrfx_uart.c.o
 *fill*         0x20003354        0x4 
 .bss.m_cb      0x20003358       0x24 _build/nrf52832_xxaa/nrfx_uarte.c.o
 .bss.current_long_push_pin_no.9166
                0x2000337c        0x1 _build/nrf52832_xxaa/bsp.c.o
 .bss.m_alert_on
                0x2000337d        0x1 _build/nrf52832_xxaa/bsp.c.o
 *fill*         0x2000337e        0x2 
 .bss.m_bsp_alert_tmr_data
                0x20003380       0x20 _build/nrf52832_xxaa/bsp.c.o
 .bss.m_bsp_button_tmr_data
                0x200033a0       0x20 _build/nrf52832_xxaa/bsp.c.o
 .bss.m_bsp_leds_tmr_data
                0x200033c0       0x20 _build/nrf52832_xxaa/bsp.c.o
 .bss.m_events_list
                0x200033e0        0xc _build/nrf52832_xxaa/bsp.c.o
 .bss.m_indication_type
                0x200033ec        0x4 _build/nrf52832_xxaa/bsp.c.o
 .bss.m_leds_clear
                0x200033f0        0x1 _build/nrf52832_xxaa/bsp.c.o
 *fill*         0x200033f1        0x3 
 .bss.m_registered_callback
                0x200033f4        0x4 _build/nrf52832_xxaa/bsp.c.o
 .bss.m_stable_state
                0x200033f8        0x1 _build/nrf52832_xxaa/bsp.c.o
 *fill*         0x200033f9        0x3 
 .bss.release_event_at_push.9167
                0x200033fc        0x4 _build/nrf52832_xxaa/bsp.c.o
 .bss.m_error_handler
                0x20003400        0x4 _build/nrf52832_xxaa/bsp_btn_ble.c.o
 .bss.m_num_connections
                0x20003404        0x4 _build/nrf52832_xxaa/bsp_btn_ble.c.o
 .bss.data_array.12460
                0x20003408       0xf4 _build/nrf52832_xxaa/main.c.o
 .bss.index.12461
                0x200034fc        0x1 _build/nrf52832_xxaa/main.c.o
 *fill*         0x200034fd        0x3 
 .bss.m_advertising
                0x20003500      0x434 _build/nrf52832_xxaa/main.c.o
 .bss.m_gatt    0x20003934       0x14 _build/nrf52832_xxaa/main.c.o
 .bss.m_nus_link_ctx_storage_ctx_data_pool
                0x20003948        0x4 _build/nrf52832_xxaa/main.c.o
 .bss.m_qwr     0x2000394c        0xc _build/nrf52832_xxaa/main.c.o
 .bss.rx_buf.12478
                0x20003958      0x100 _build/nrf52832_xxaa/main.c.o
 .bss.tx_buf.12479
                0x20003a58      0x100 _build/nrf52832_xxaa/main.c.o
 .bss._acDownBuffer
                0x20003b58       0x10 _build/nrf52832_xxaa/SEGGER_RTT.c.o
 .bss._acUpBuffer
                0x20003b68      0x200 _build/nrf52832_xxaa/SEGGER_RTT.c.o
 .bss.m_conn_params_config
                0x20003d68       0x1c _build/nrf52832_xxaa/ble_conn_params.c.o
 .bss.m_conn_params_instances
                0x20003d84       0x14 _build/nrf52832_xxaa/ble_conn_params.c.o
 .bss.m_preferred_conn_params
                0x20003d98        0x8 _build/nrf52832_xxaa/ble_conn_params.c.o
 .bss.m_timer_data
                0x20003da0       0x20 _build/nrf52832_xxaa/ble_conn_params.c.o
 .bss.m_bcs     0x20003dc0       0x7c _build/nrf52832_xxaa/ble_conn_state.c.o
 .bss.m_nrf_sdh_continue
                0x20003e3c        0x1 _build/nrf52832_xxaa/nrf_sdh.c.o
 .bss.m_nrf_sdh_enabled
                0x20003e3d        0x1 _build/nrf52832_xxaa/nrf_sdh.c.o
 .bss.m_nrf_sdh_suspended
                0x20003e3e        0x1 _build/nrf52832_xxaa/nrf_sdh.c.o
 .bss.m_stack_is_enabled
                0x20003e3f        0x1 _build/nrf52832_xxaa/nrf_sdh_ble.c.o
 .bss.__malloc_free_list
                0x20003e40        0x4 c:/gnu_arm_gcc/9 2019-q4-major/bin/../lib/gcc/arm-none-eabi/9.2.1/../../../../arm-none-eabi/lib/thumb/v7e-m+fp/hard\libc_nano.a(lib_a-nano-mallocr.o)
                0x20003e40                __malloc_free_list
 .bss.__malloc_sbrk_start
                0x20003e44        0x4 c:/gnu_arm_gcc/9 2019-q4-major/bin/../lib/gcc/arm-none-eabi/9.2.1/../../../../arm-none-eabi/lib/thumb/v7e-m+fp/hard\libc_nano.a(lib_a-nano-mallocr.o)
                0x20003e44                __malloc_sbrk_start
 .bss.heap_end.5507
                0x20003e48        0x4 c:/gnu_arm_gcc/9 2019-q4-major/bin/../lib/gcc/arm-none-eabi/9.2.1/../../../../arm-none-eabi/lib/thumb/v7e-m+fp/hard\libnosys.a(sbrk.o)
 *(COMMON)
 COMMON         0x20003e4c        0xc _build/nrf52832_xxaa/app_util_platform.c.o
                0x20003e4c                nrf_nvic_state
 COMMON         0x20003e58        0x1 _build/nrf52832_xxaa/nrf_drv_uart.c.o
                0x20003e58                nrf_drv_uart_use_easy_dma
 *fill*         0x20003e59        0x3 
 COMMON         0x20003e5c       0x78 _build/nrf52832_xxaa/SEGGER_RTT.c.o
                0x20003e5c                _SEGGER_RTT
 COMMON         0x20003ed4        0x9 c:/gnu_arm_gcc/9 2019-q4-major/bin/../lib/gcc/arm-none-eabi/9.2.1/../../../../arm-none-eabi/lib/thumb/v7e-m+fp/hard\libc_nano.a(lib_a-lock.o)
                0x20003ed4                __lock___atexit_recursive_mutex
                0x20003ed5                __lock___arc4random_mutex
                0x20003ed6                __lock___env_recursive_mutex
                0x20003ed7                __lock___sinit_recursive_mutex
                0x20003ed8                __lock___malloc_recursive_mutex
                0x20003ed9                __lock___at_quick_exit_mutex
                0x20003eda                __lock___dd_hash_mutex
                0x20003edb                __lock___tz_mutex
                0x20003edc                __lock___sfp_recursive_mutex
 *fill*         0x20003edd        0x3 
 COMMON         0x20003ee0        0x4 c:/gnu_arm_gcc/9 2019-q4-major/bin/../lib/gcc/arm-none-eabi/9.2.1/../../../../arm-none-eabi/lib/thumb/v7e-m+fp/hard\libc_nano.a(lib_a-reent.o)
                0x20003ee0                errno
                0x20003ee4                . = ALIGN (0x4)
                0x20003ee4                __bss_end__ = .

.heap           0x20003ee8     0x2000
                0x20003ee8                __HeapBase = .
                0x20003ee8                __end__ = .
                0x20003ee8                PROVIDE (end = .)
 *(.heap*)
 .heap          0x20003ee8     0x2000 _build/nrf52832_xxaa/gcc_startup_nrf52.S.o
                0x20005ee8                __HeapLimit = .

.stack_dummy    0x20003ee8     0x2000
 *(.stack*)
 .stack         0x20003ee8     0x2000 _build/nrf52832_xxaa/gcc_startup_nrf52.S.o
                0x20010000                __StackTop = (ORIGIN (RAM) + LENGTH (RAM))
                0x2000e000                __StackLimit = (__StackTop - SIZEOF (.stack_dummy))
                0x20010000                PROVIDE (__stack = __StackTop)
                0x00000001                ASSERT ((__StackLimit >= __HeapLimit), region RAM overflowed with stack)
                0x000000c0                DataInitFlashUsed = (__bss_start__ - __data_start__)
                0x0000952c                CodeFlashUsed = (__etext - ORIGIN (FLASH))
                0x000095ec                TotalFlashUsed = (CodeFlashUsed + DataInitFlashUsed)
                0x00000001                ASSERT ((TotalFlashUsed <= LENGTH (FLASH)), region FLASH overflowed with .data and user data)
OUTPUT(_build/nrf52832_xxaa.out elf32-littlearm)

.ARM.attributes
                0x00000000       0x30
 .ARM.attributes
                0x00000000       0x1e c:/gnu_arm_gcc/9 2019-q4-major/bin/../lib/gcc/arm-none-eabi/9.2.1/thumb/v7e-m+fp/hard/crti.o
 .ARM.attributes
                0x0000001e       0x34 c:/gnu_arm_gcc/9 2019-q4-major/bin/../lib/gcc/arm-none-eabi/9.2.1/thumb/v7e-m+fp/hard/crtbegin.o
 .ARM.attributes
                0x00000052       0x1c c:/gnu_arm_gcc/9 2019-q4-major/bin/../lib/gcc/arm-none-eabi/9.2.1/../../../../arm-none-eabi/lib/thumb/v7e-m+fp/hard/crt0.o
 .ARM.attributes
                0x0000006e       0x20 _build/nrf52832_xxaa/gcc_startup_nrf52.S.o
 .ARM.attributes
                0x0000008e       0x34 _build/nrf52832_xxaa/nrf_log_backend_rtt.c.o
 .ARM.attributes
                0x000000c2       0x34 _build/nrf52832_xxaa/nrf_log_backend_serial.c.o
 .ARM.attributes
                0x000000f6       0x34 _build/nrf52832_xxaa/nrf_log_default_backends.c.o
 .ARM.attributes
                0x0000012a       0x34 _build/nrf52832_xxaa/nrf_log_frontend.c.o
 .ARM.attributes
                0x0000015e       0x34 _build/nrf52832_xxaa/nrf_log_str_formatter.c.o
 .ARM.attributes
                0x00000192       0x34 _build/nrf52832_xxaa/app_button.c.o
 .ARM.attributes
                0x000001c6       0x34 _build/nrf52832_xxaa/app_error.c.o
 .ARM.attributes
                0x000001fa       0x34 _build/nrf52832_xxaa/app_error_weak.c.o
 .ARM.attributes
                0x0000022e       0x34 _build/nrf52832_xxaa/app_fifo.c.o
 .ARM.attributes
                0x00000262       0x34 _build/nrf52832_xxaa/app_timer2.c.o
 .ARM.attributes
                0x00000296       0x34 _build/nrf52832_xxaa/app_uart_fifo.c.o
 .ARM.attributes
                0x000002ca       0x34 _build/nrf52832_xxaa/app_util_platform.c.o
 .ARM.attributes
                0x000002fe       0x34 _build/nrf52832_xxaa/drv_rtc.c.o
 .ARM.attributes
                0x00000332       0x34 _build/nrf52832_xxaa/nrf_atfifo.c.o
 .ARM.attributes
                0x00000366       0x34 _build/nrf52832_xxaa/nrf_atflags.c.o
 .ARM.attributes
                0x0000039a       0x34 _build/nrf52832_xxaa/nrf_atomic.c.o
 .ARM.attributes
                0x000003ce       0x34 _build/nrf52832_xxaa/nrf_balloc.c.o
 .ARM.attributes
                0x00000402       0x34 _build/nrf52832_xxaa/nrf_fprintf.c.o
 .ARM.attributes
                0x00000436       0x34 _build/nrf52832_xxaa/nrf_fprintf_format.c.o
 .ARM.attributes
                0x0000046a       0x34 _build/nrf52832_xxaa/nrf_memobj.c.o
 .ARM.attributes
                0x0000049e       0x34 _build/nrf52832_xxaa/nrf_pwr_mgmt.c.o
 .ARM.attributes
                0x000004d2       0x34 _build/nrf52832_xxaa/nrf_ringbuf.c.o
 .ARM.attributes
                0x00000506       0x34 _build/nrf52832_xxaa/nrf_section_iter.c.o
 .ARM.attributes
                0x0000053a       0x34 _build/nrf52832_xxaa/nrf_sortlist.c.o
 .ARM.attributes
                0x0000056e       0x34 _build/nrf52832_xxaa/nrf_strerror.c.o
 .ARM.attributes
                0x000005a2       0x34 _build/nrf52832_xxaa/retarget.c.o
 .ARM.attributes
                0x000005d6       0x34 _build/nrf52832_xxaa/system_nrf52.c.o
 .ARM.attributes
                0x0000060a       0x34 _build/nrf52832_xxaa/boards.c.o
 .ARM.attributes
                0x0000063e       0x34 _build/nrf52832_xxaa/nrf_drv_clock.c.o
 .ARM.attributes
                0x00000672       0x34 _build/nrf52832_xxaa/nrf_drv_uart.c.o
 .ARM.attributes
                0x000006a6       0x34 _build/nrf52832_xxaa/nrfx_clock.c.o
 .ARM.attributes
                0x000006da       0x34 _build/nrf52832_xxaa/nrfx_gpiote.c.o
 .ARM.attributes
                0x0000070e       0x34 _build/nrf52832_xxaa/nrfx_prs.c.o
 .ARM.attributes
                0x00000742       0x34 _build/nrf52832_xxaa/nrfx_uart.c.o
 .ARM.attributes
                0x00000776       0x34 _build/nrf52832_xxaa/nrfx_uarte.c.o
 .ARM.attributes
                0x000007aa       0x34 _build/nrf52832_xxaa/bsp.c.o
 .ARM.attributes
                0x000007de       0x34 _build/nrf52832_xxaa/bsp_btn_ble.c.o
 .ARM.attributes
                0x00000812       0x34 _build/nrf52832_xxaa/main.c.o
 .ARM.attributes
                0x00000846       0x34 _build/nrf52832_xxaa/SEGGER_RTT.c.o
 .ARM.attributes
                0x0000087a       0x34 _build/nrf52832_xxaa/ble_advdata.c.o
 .ARM.attributes
                0x000008ae       0x34 _build/nrf52832_xxaa/ble_advertising.c.o
 .ARM.attributes
                0x000008e2       0x34 _build/nrf52832_xxaa/ble_conn_params.c.o
 .ARM.attributes
                0x00000916       0x34 _build/nrf52832_xxaa/ble_conn_state.c.o
 .ARM.attributes
                0x0000094a       0x34 _build/nrf52832_xxaa/ble_link_ctx_manager.c.o
 .ARM.attributes
                0x0000097e       0x34 _build/nrf52832_xxaa/ble_srv_common.c.o
 .ARM.attributes
                0x000009b2       0x34 _build/nrf52832_xxaa/nrf_ble_gatt.c.o
 .ARM.attributes
                0x000009e6       0x34 _build/nrf52832_xxaa/nrf_ble_qwr.c.o
 .ARM.attributes
                0x00000a1a       0x34 _build/nrf52832_xxaa/ble_nus.c.o
 .ARM.attributes
                0x00000a4e       0x34 _build/nrf52832_xxaa/nrf_sdh.c.o
 .ARM.attributes
                0x00000a82       0x34 _build/nrf52832_xxaa/nrf_sdh_ble.c.o
 .ARM.attributes
                0x00000ab6       0x34 _build/nrf52832_xxaa/nrf_sdh_soc.c.o
 .ARM.attributes
                0x00000aea       0x32 c:/gnu_arm_gcc/9 2019-q4-major/bin/../lib/gcc/arm-none-eabi/9.2.1/../../../../arm-none-eabi/lib/thumb/v7e-m+fp/hard\libc_nano.a(lib_a-ctype_.o)
 .ARM.attributes
                0x00000b1c       0x34 c:/gnu_arm_gcc/9 2019-q4-major/bin/../lib/gcc/arm-none-eabi/9.2.1/../../../../arm-none-eabi/lib/thumb/v7e-m+fp/hard\libc_nano.a(lib_a-exit.o)
 .ARM.attributes
                0x00000b50       0x32 c:/gnu_arm_gcc/9 2019-q4-major/bin/../lib/gcc/arm-none-eabi/9.2.1/../../../../arm-none-eabi/lib/thumb/v7e-m+fp/hard\libc_nano.a(lib_a-impure.o)
 .ARM.attributes